Archive member included because of file (symbol)

C:\Users\Dmitry\Documents\LPCXpresso_7.8.0_426\askue\lpc812-workspace\lpc_chip_8xx\Debug\liblpc_chip_8xx.a(chip_8xx.o)
                              ./src/utils.o (SystemCoreClockUpdate)
C:\Users\Dmitry\Documents\LPCXpresso_7.8.0_426\askue\lpc812-workspace\lpc_chip_8xx\Debug\liblpc_chip_8xx.a(clock_8xx.o)
                              ./src/utils.o (Chip_Clock_SetSystemPLLSource)
C:\Users\Dmitry\Documents\LPCXpresso_7.8.0_426\askue\lpc812-workspace\lpc_chip_8xx\Debug\liblpc_chip_8xx.a(gpio_8xx.o)
                              ./src/utils.o (Chip_GPIO_Init)
C:\Users\Dmitry\Documents\LPCXpresso_7.8.0_426\askue\lpc812-workspace\lpc_chip_8xx\Debug\liblpc_chip_8xx.a(ring_buffer.o)
                              ./src/main.o (RingBuffer_Init)
C:\Users\Dmitry\Documents\LPCXpresso_7.8.0_426\askue\lpc812-workspace\lpc_chip_8xx\Debug\liblpc_chip_8xx.a(swm_8xx.o)
                              ./src/utils.o (Chip_SWM_MovablePinAssign)
C:\Users\Dmitry\Documents\LPCXpresso_7.8.0_426\askue\lpc812-workspace\lpc_chip_8xx\Debug\liblpc_chip_8xx.a(syscon_8xx.o)
                              ./src/utils.o (Chip_SYSCTL_PowerDown)
C:\Users\Dmitry\Documents\LPCXpresso_7.8.0_426\askue\lpc812-workspace\lpc_chip_8xx\Debug\liblpc_chip_8xx.a(sysinit_8xx.o)
                              ./src/cr_startup_lpc8xx.o (Chip_SystemInit)
C:\Users\Dmitry\Documents\LPCXpresso_7.8.0_426\askue\lpc812-workspace\lpc_chip_8xx\Debug\liblpc_chip_8xx.a(uart_8xx.o)
                              ./src/utils.o (Chip_UART_Init)
c:/nxp/lpcxpresso_7.8.0_426/lpcxpresso/tools/bin/../lib/gcc/arm-none-eabi/4.9.3/armv6-m\libgcc.a(_thumb1_case_uhi.o)
                              ./src/utils.o (__gnu_thumb1_case_uhi)
c:/nxp/lpcxpresso_7.8.0_426/lpcxpresso/tools/bin/../lib/gcc/arm-none-eabi/4.9.3/armv6-m\libgcc.a(_udivsi3.o)
                              C:\Users\Dmitry\Documents\LPCXpresso_7.8.0_426\askue\lpc812-workspace\lpc_chip_8xx\Debug\liblpc_chip_8xx.a(clock_8xx.o) (__aeabi_uidiv)
c:/nxp/lpcxpresso_7.8.0_426/lpcxpresso/tools/bin/../lib/gcc/arm-none-eabi/4.9.3/armv6-m\libgcc.a(_dvmd_tls.o)
                              c:/nxp/lpcxpresso_7.8.0_426/lpcxpresso/tools/bin/../lib/gcc/arm-none-eabi/4.9.3/armv6-m\libgcc.a(_udivsi3.o) (__aeabi_idiv0)
c:/nxp/lpcxpresso_7.8.0_426/lpcxpresso/tools/bin/../lib/gcc/arm-none-eabi/4.9.3/armv6-m\libgcc.a(_aeabi_uldivmod.o)
                              C:\Users\Dmitry\Documents\LPCXpresso_7.8.0_426\askue\lpc812-workspace\lpc_chip_8xx\Debug\liblpc_chip_8xx.a(clock_8xx.o) (__aeabi_uldivmod)
c:/nxp/lpcxpresso_7.8.0_426/lpcxpresso/tools/bin/../lib/gcc/arm-none-eabi/4.9.3/armv6-m\libgcc.a(bpabi.o)
                              c:/nxp/lpcxpresso_7.8.0_426/lpcxpresso/tools/bin/../lib/gcc/arm-none-eabi/4.9.3/armv6-m\libgcc.a(_aeabi_uldivmod.o) (__gnu_uldivmod_helper)
c:/nxp/lpcxpresso_7.8.0_426/lpcxpresso/tools/bin/../lib/gcc/arm-none-eabi/4.9.3/armv6-m\libgcc.a(_muldi3.o)
                              c:/nxp/lpcxpresso_7.8.0_426/lpcxpresso/tools/bin/../lib/gcc/arm-none-eabi/4.9.3/armv6-m\libgcc.a(bpabi.o) (__aeabi_lmul)
c:/nxp/lpcxpresso_7.8.0_426/lpcxpresso/tools/bin/../lib/gcc/arm-none-eabi/4.9.3/armv6-m\libgcc.a(_divdi3.o)
                              c:/nxp/lpcxpresso_7.8.0_426/lpcxpresso/tools/bin/../lib/gcc/arm-none-eabi/4.9.3/armv6-m\libgcc.a(bpabi.o) (__divdi3)
c:/nxp/lpcxpresso_7.8.0_426/lpcxpresso/tools/bin/../lib/gcc/arm-none-eabi/4.9.3/armv6-m\libgcc.a(_udivdi3.o)
                              c:/nxp/lpcxpresso_7.8.0_426/lpcxpresso/tools/bin/../lib/gcc/arm-none-eabi/4.9.3/armv6-m\libgcc.a(bpabi.o) (__udivdi3)
c:/nxp/lpcxpresso_7.8.0_426/lpcxpresso/tools/bin/../lib/gcc/arm-none-eabi/4.9.3/armv6-m\libgcc.a(_clzdi2.o)
                              c:/nxp/lpcxpresso_7.8.0_426/lpcxpresso/tools/bin/../lib/gcc/arm-none-eabi/4.9.3/armv6-m\libgcc.a(_divdi3.o) (__clzdi2)
c:/nxp/lpcxpresso_7.8.0_426/lpcxpresso/tools/bin/../lib/gcc/arm-none-eabi/4.9.3/armv6-m\libgcc.a(_clzsi2.o)
                              c:/nxp/lpcxpresso_7.8.0_426/lpcxpresso/tools/bin/../lib/gcc/arm-none-eabi/4.9.3/armv6-m\libgcc.a(_clzdi2.o) (__clzsi2)
c:/nxp/lpcxpresso_7.8.0_426/lpcxpresso/tools/bin/../lib/gcc/arm-none-eabi/4.9.3/../../../../arm-none-eabi/lib/armv6-m\libc.a(lib_a-atoi.o)
                              ./src/utils.o (atoi)
c:/nxp/lpcxpresso_7.8.0_426/lpcxpresso/tools/bin/../lib/gcc/arm-none-eabi/4.9.3/../../../../arm-none-eabi/lib/armv6-m\libc.a(lib_a-init.o)
                              ./src/cr_startup_lpc8xx.o (__libc_init_array)
c:/nxp/lpcxpresso_7.8.0_426/lpcxpresso/tools/bin/../lib/gcc/arm-none-eabi/4.9.3/../../../../arm-none-eabi/lib/armv6-m\libc.a(lib_a-itoa.o)
                              ./src/utils.o (itoa)
c:/nxp/lpcxpresso_7.8.0_426/lpcxpresso/tools/bin/../lib/gcc/arm-none-eabi/4.9.3/../../../../arm-none-eabi/lib/armv6-m\libc.a(lib_a-malloc.o)
                              ./src/cr_cpp_config.o (malloc)
[...]
Memory Configuration

Name             Origin             Length             Attributes
MFlash16         0x00000000         0x00004000         xr
RamLoc4          0x10000000         0x00001000         xrw
*default*        0x00000000         0xffffffff

Linker script and memory map

LOAD ./src/cr_cpp_config.o
LOAD ./src/cr_startup_lpc8xx.o
LOAD ./src/crp.o
LOAD ./src/main.o
LOAD ./src/mtb.o
LOAD ./src/utils.o
LOAD C:\Users\Dmitry\Documents\LPCXpresso_7.8.0_426\askue\lpc812-workspace\lpc_chip_8xx\Debug\liblpc_chip_8xx.a
START GROUP
LOAD c:/nxp/lpcxpresso_7.8.0_426/lpcxpresso/tools/bin/../lib/gcc/arm-none-eabi/4.9.3/armv6-m\libgcc.a
LOAD c:/nxp/lpcxpresso_7.8.0_426/lpcxpresso/tools/bin/../lib/gcc/arm-none-eabi/4.9.3/../../../../arm-none-eabi/lib/armv6-m\libc.a
LOAD c:/nxp/lpcxpresso_7.8.0_426/lpcxpresso/tools/bin/../lib/gcc/arm-none-eabi/4.9.3/../../../../arm-none-eabi/lib/armv6-m\libstdc++.a
LOAD c:/nxp/lpcxpresso_7.8.0_426/lpcxpresso/tools/bin/../lib/gcc/arm-none-eabi/4.9.3/../../../../arm-none-eabi/lib/armv6-m\libm.a
LOAD c:/nxp/lpcxpresso_7.8.0_426/lpcxpresso/tools/bin/../lib/gcc/arm-none-eabi/4.9.3/../../../../arm-none-eabi/lib/armv6-m\libcr_newlib_nohost.a
LOAD c:/nxp/lpcxpresso_7.8.0_426/lpcxpresso/tools/bin/../lib/gcc/arm-none-eabi/4.9.3/armv6-m\crti.o
LOAD c:/nxp/lpcxpresso_7.8.0_426/lpcxpresso/tools/bin/../lib/gcc/arm-none-eabi/4.9.3/armv6-m\crtn.o
LOAD c:/nxp/lpcxpresso_7.8.0_426/lpcxpresso/tools/bin/../lib/gcc/arm-none-eabi/4.9.3/armv6-m\crtbegin.o
LOAD c:/nxp/lpcxpresso_7.8.0_426/lpcxpresso/tools/bin/../lib/gcc/arm-none-eabi/4.9.3/armv6-m\crtend.o
END GROUP
                0x00004000                __top_MFlash16 = 0x4000
                0x10001000                __top_RamLoc4 = 0x10001000

.text           0x00000000     0x22a0
 FILL mask 0xff
                0x00000000                __vectors_start__ = ABSOLUTE (.)
 *(.isr_vector)
 .isr_vector    0x00000000       0xc0 ./src/cr_startup_lpc8xx.o
                0x00000000                g_pfnVectors
                0x000000c0                . = ALIGN (0x4)
                0x000000c0                __section_table_start = .
                0x000000c0                __data_section_table = .
                0x000000c0        0x4 LONG 0x22a8 LOADADDR (.data)
                0x000000c4        0x4 LONG 0x10000000 ADDR (.data)
                0x000000c8        0x4 LONG 0x434 SIZEOF (.data)
                0x000000cc                __data_section_table_end = .
                0x000000cc                __bss_section_table = .
                0x000000cc        0x4 LONG 0x10000434 ADDR (.bss)
                0x000000d0        0x4 LONG 0x3e0 SIZEOF (.bss)
                0x000000d4                __bss_section_table_end = .
                0x000000d4                __section_table_end = .
 *(.after_vectors*)
 .after_vectors
                0x000000d4       0x74 ./src/cr_startup_lpc8xx.o
                0x000000d4                NMI_Handler
                0x000000d6                HardFault_Handler
                0x000000d8                SVC_Handler
                0x000000da                PendSV_Handler
                0x000000dc                SysTick_Handler
                0x000000de                PININT1_IRQHandler
                0x000000de                PININT7_IRQHandler
                0x000000de                PININT2_IRQHandler
                0x000000de                WKT_IRQHandler
                0x000000de                MRT_IRQHandler
                0x000000de                UART0_IRQHandler
                0x000000de                SPI1_IRQHandler
                0x000000de                IntDefaultHandler
                0x000000de                PININT3_IRQHandler
                0x000000de                UART2_IRQHandler
                0x000000de                PININT5_IRQHandler
                0x000000de                PININT4_IRQHandler
                0x000000de                SPI0_IRQHandler
                0x000000de                PININT0_IRQHandler
                0x000000de                BOD_IRQHandler
                0x000000de                SCT_IRQHandler
                0x000000de                I2C_IRQHandler
                0x000000de                PININT6_IRQHandler
                0x000000de                WDT_IRQHandler
                0x000000de                CMP_IRQHandler
                0x000000e0                data_init(unsigned int, unsigned int, unsigned int)
                0x000000f2                bss_init(unsigned int, unsigned int)
                0x00000102                ResetISR
 *(.text*)
 .text._Z9vUartTaskv
                0x00000148       0x50 ./src/main.o
                0x00000148                vUartTask()
 .text.startup.main
                0x00000198       0x88 ./src/main.o
                0x00000198                main
 .text.UART1_IRQHandler
                0x00000220       0x38 ./src/main.o
                0x00000220                UART1_IRQHandler
 .text._Z10uartPrintfP11LPC_USART_TPKc
                0x00000258       0x18 ./src/utils.o
                0x00000258                uartPrintf(LPC_USART_T*, char const*)
 .text._Z16prvSetupHardwarev
                0x00000270      0x170 ./src/utils.o
                0x00000270                prvSetupHardware()
 .text._Z15prepareHtmlDatav
                0x000003e0       0xdc ./src/utils.o
                0x000003e0                prepareHtmlData()
 .text._Z8parseIPDPcPhPt
                0x000004bc       0xf0 ./src/utils.o
                0x000004bc                parseIPD(char*, unsigned char*, unsigned short*)
 .text._Z10parseCIFSRPc
                0x000005ac       0x9c ./src/utils.o
                0x000005ac                parseCIFSR(char*)
 .text._Z10parseCWLAPPc
                0x00000648       0x64 ./src/utils.o
                0x00000648                parseCWLAP(char*)
 .text._Z10processMsgPct
                0x000006ac      0x36c ./src/utils.o
                0x000006ac                processMsg(char*, unsigned short)
 .text.SystemCoreClockUpdate
                0x00000a18       0x10 C:\Users\Dmitry\Documents\LPCXpresso_7.8.0_426\askue\lpc812-workspace\lpc_chip_8xx\Debug\liblpc_chip_8xx.a(chip_8xx.o)
                0x00000a18                SystemCoreClockUpdate
 .text.Chip_Clock_SetSystemPLLSource
                0x00000a28       0x14 C:\Users\Dmitry\Documents\LPCXpresso_7.8.0_426\askue\lpc812-workspace\lpc_chip_8xx\Debug\liblpc_chip_8xx.a(clock_8xx.o)
                0x00000a28                Chip_Clock_SetSystemPLLSource
 .text.Chip_Clock_SetMainClockSource
                0x00000a3c       0x14 C:\Users\Dmitry\Documents\LPCXpresso_7.8.0_426\askue\lpc812-workspace\lpc_chip_8xx\Debug\liblpc_chip_8xx.a(clock_8xx.o)
                0x00000a3c                Chip_Clock_SetMainClockSource
 .text.Chip_Clock_GetWDTOSCRate
                0x00000a50       0x28 C:\Users\Dmitry\Documents\LPCXpresso_7.8.0_426\askue\lpc812-workspace\lpc_chip_8xx\Debug\liblpc_chip_8xx.a(clock_8xx.o)
                0x00000a50                Chip_Clock_GetWDTOSCRate
 .text.Chip_Clock_GetSystemPLLInClockRate
                0x00000a78       0x34 C:\Users\Dmitry\Documents\LPCXpresso_7.8.0_426\askue\lpc812-workspace\lpc_chip_8xx\Debug\liblpc_chip_8xx.a(clock_8xx.o)
                0x00000a78                Chip_Clock_GetSystemPLLInClockRate
 .text.Chip_Clock_GetSystemPLLOutClockRate
                0x00000aac       0x18 C:\Users\Dmitry\Documents\LPCXpresso_7.8.0_426\askue\lpc812-workspace\lpc_chip_8xx\Debug\liblpc_chip_8xx.a(clock_8xx.o)
                0x00000aac                Chip_Clock_GetSystemPLLOutClockRate
 .text.Chip_Clock_GetMainClockRate
                0x00000ac4       0x34 C:\Users\Dmitry\Documents\LPCXpresso_7.8.0_426\askue\lpc812-workspace\lpc_chip_8xx\Debug\liblpc_chip_8xx.a(clock_8xx.o)
                0x00000ac4                Chip_Clock_GetMainClockRate
 .text.Chip_Clock_GetSystemClockRate
                0x00000af8       0x18 C:\Users\Dmitry\Documents\LPCXpresso_7.8.0_426\askue\lpc812-workspace\lpc_chip_8xx\Debug\liblpc_chip_8xx.a(clock_8xx.o)
                0x00000af8                Chip_Clock_GetSystemClockRate
 .text.Chip_Clock_GetUSARTNBaseClockRate
                0x00000b10       0x48 C:\Users\Dmitry\Documents\LPCXpresso_7.8.0_426\askue\lpc812-workspace\lpc_chip_8xx\Debug\liblpc_chip_8xx.a(clock_8xx.o)
                0x00000b10                Chip_Clock_GetUSARTNBaseClockRate
 .text.Chip_Clock_SetUSARTNBaseClockRate
                0x00000b58       0x74 C:\Users\Dmitry\Documents\LPCXpresso_7.8.0_426\askue\lpc812-workspace\lpc_chip_8xx\Debug\liblpc_chip_8xx.a(clock_8xx.o)
                0x00000b58                Chip_Clock_SetUSARTNBaseClockRate
 .text.Chip_GPIO_Init
                0x00000bcc       0x14 C:\Users\Dmitry\Documents\LPCXpresso_7.8.0_426\askue\lpc812-workspace\lpc_chip_8xx\Debug\liblpc_chip_8xx.a(gpio_8xx.o)
                0x00000bcc                Chip_GPIO_Init
 .text.RingBuffer_Init
                0x00000be0       0x10 C:\Users\Dmitry\Documents\LPCXpresso_7.8.0_426\askue\lpc812-workspace\lpc_chip_8xx\Debug\liblpc_chip_8xx.a(ring_buffer.o)
                0x00000be0                RingBuffer_Init
 .text.RingBuffer_Insert
                0x00000bf0       0x30 C:\Users\Dmitry\Documents\LPCXpresso_7.8.0_426\askue\lpc812-workspace\lpc_chip_8xx\Debug\liblpc_chip_8xx.a(ring_buffer.o)
                0x00000bf0                RingBuffer_Insert
 .text.RingBuffer_Pop
                0x00000c20       0x30 C:\Users\Dmitry\Documents\LPCXpresso_7.8.0_426\askue\lpc812-workspace\lpc_chip_8xx\Debug\liblpc_chip_8xx.a(ring_buffer.o)
                0x00000c20                RingBuffer_Pop
 .text.Chip_SWM_MovablePinAssign
                0x00000c50       0x28 C:\Users\Dmitry\Documents\LPCXpresso_7.8.0_426\askue\lpc812-workspace\lpc_chip_8xx\Debug\liblpc_chip_8xx.a(swm_8xx.o)
                0x00000c50                Chip_SWM_MovablePinAssign
 .text.Chip_SYSCTL_PowerDown
                0x00000c78       0x24 C:\Users\Dmitry\Documents\LPCXpresso_7.8.0_426\askue\lpc812-workspace\lpc_chip_8xx\Debug\liblpc_chip_8xx.a(syscon_8xx.o)
                0x00000c78                Chip_SYSCTL_PowerDown
 .text.Chip_SYSCTL_PowerUp
                0x00000c9c       0x28 C:\Users\Dmitry\Documents\LPCXpresso_7.8.0_426\askue\lpc812-workspace\lpc_chip_8xx\Debug\liblpc_chip_8xx.a(syscon_8xx.o)
                0x00000c9c                Chip_SYSCTL_PowerUp
 .text.Chip_SetupIrcClocking
                0x00000cc4       0x44 C:\Users\Dmitry\Documents\LPCXpresso_7.8.0_426\askue\lpc812-workspace\lpc_chip_8xx\Debug\liblpc_chip_8xx.a(sysinit_8xx.o)
                0x00000cc4                Chip_SetupIrcClocking
 .text.Chip_SystemInit
                0x00000d08        0x8 C:\Users\Dmitry\Documents\LPCXpresso_7.8.0_426\askue\lpc812-workspace\lpc_chip_8xx\Debug\liblpc_chip_8xx.a(sysinit_8xx.o)
                0x00000d08                Chip_SystemInit
 .text.Chip_UART_Init
                0x00000d10       0x8c C:\Users\Dmitry\Documents\LPCXpresso_7.8.0_426\askue\lpc812-workspace\lpc_chip_8xx\Debug\liblpc_chip_8xx.a(uart_8xx.o)
                0x00000d10                Chip_UART_Init
 .text.Chip_UART_Send
                0x00000d9c       0x1a C:\Users\Dmitry\Documents\LPCXpresso_7.8.0_426\askue\lpc812-workspace\lpc_chip_8xx\Debug\liblpc_chip_8xx.a(uart_8xx.o)
                0x00000d9c                Chip_UART_Send
 .text.Chip_UART_SendBlocking
                0x00000db6       0x24 C:\Users\Dmitry\Documents\LPCXpresso_7.8.0_426\askue\lpc812-workspace\lpc_chip_8xx\Debug\liblpc_chip_8xx.a(uart_8xx.o)
                0x00000db6                Chip_UART_SendBlocking
 .text.Chip_UART_SetBaud
                0x00000dda       0x16 C:\Users\Dmitry\Documents\LPCXpresso_7.8.0_426\askue\lpc812-workspace\lpc_chip_8xx\Debug\liblpc_chip_8xx.a(uart_8xx.o)
                0x00000dda                Chip_UART_SetBaud
 .text          0x00000df0       0x14 c:/nxp/lpcxpresso_7.8.0_426/lpcxpresso/tools/bin/../lib/gcc/arm-none-eabi/4.9.3/armv6-m\libgcc.a(_thumb1_case_uhi.o)
                0x00000df0                __gnu_thumb1_case_uhi
 .text          0x00000e04      0x120 c:/nxp/lpcxpresso_7.8.0_426/lpcxpresso/tools/bin/../lib/gcc/arm-none-eabi/4.9.3/armv6-m\libgcc.a(_udivsi3.o)
                0x00000e04                __aeabi_uidiv
                0x00000e04                __udivsi3
                0x00000f10                __aeabi_uidivmod
 .text          0x00000f24        0x4 c:/nxp/lpcxpresso_7.8.0_426/lpcxpresso/tools/bin/../lib/gcc/arm-none-eabi/4.9.3/armv6-m\libgcc.a(_dvmd_tls.o)
                0x00000f24                __aeabi_idiv0
                0x00000f24                __aeabi_ldiv0
 .text          0x00000f28       0x40 c:/nxp/lpcxpresso_7.8.0_426/lpcxpresso/tools/bin/../lib/gcc/arm-none-eabi/4.9.3/armv6-m\libgcc.a(_aeabi_uldivmod.o)
                0x00000f28                __aeabi_uldivmod
 .text          0x00000f68       0x6c c:/nxp/lpcxpresso_7.8.0_426/lpcxpresso/tools/bin/../lib/gcc/arm-none-eabi/4.9.3/armv6-m\libgcc.a(bpabi.o)
                0x00000f68                __gnu_ldivmod_helper
                0x00000fa0                __gnu_uldivmod_helper
 .text          0x00000fd4       0x54 c:/nxp/lpcxpresso_7.8.0_426/lpcxpresso/tools/bin/../lib/gcc/arm-none-eabi/4.9.3/armv6-m\libgcc.a(_muldi3.o)
                0x00000fd4                __muldi3
                0x00000fd4                __aeabi_lmul
 .text          0x00001028      0x1f0 c:/nxp/lpcxpresso_7.8.0_426/lpcxpresso/tools/bin/../lib/gcc/arm-none-eabi/4.9.3/armv6-m\libgcc.a(_divdi3.o)
                0x00001028                __divdi3
 .text          0x00001218      0x158 c:/nxp/lpcxpresso_7.8.0_426/lpcxpresso/tools/bin/../lib/gcc/arm-none-eabi/4.9.3/armv6-m\libgcc.a(_udivdi3.o)
                0x00001218                __udivdi3
 .text          0x00001370       0x18 c:/nxp/lpcxpresso_7.8.0_426/lpcxpresso/tools/bin/../lib/gcc/arm-none-eabi/4.9.3/armv6-m\libgcc.a(_clzdi2.o)
                0x00001370                __clzdi2
 .text          0x00001388       0x3c c:/nxp/lpcxpresso_7.8.0_426/lpcxpresso/tools/bin/../lib/gcc/arm-none-eabi/4.9.3/armv6-m\libgcc.a(_clzsi2.o)
                0x00001388                __clzsi2
 .text.atoi     0x000013c4        0xc c:/nxp/lpcxpresso_7.8.0_426/lpcxpresso/tools/bin/../lib/gcc/arm-none-eabi/4.9.3/../../../../arm-none-eabi/lib/armv6-m\libc.a(lib_a-atoi.o)
                0x000013c4                atoi
 .text.__libc_init_array
                0x000013d0       0x48 c:/nxp/lpcxpresso_7.8.0_426/lpcxpresso/tools/bin/../lib/gcc/arm-none-eabi/4.9.3/../../../../arm-none-eabi/lib/armv6-m\libc.a(lib_a-init.o)
                0x000013d0                __libc_init_array
 .text.__itoa   0x00001418       0x30 c:/nxp/lpcxpresso_7.8.0_426/lpcxpresso/tools/bin/../lib/gcc/arm-none-eabi/4.9.3/../../../../arm-none-eabi/lib/armv6-m\libc.a(lib_a-itoa.o)
                0x00001418                __itoa
 .text.itoa     0x00001448        0x8 c:/nxp/lpcxpresso_7.8.0_426/lpcxpresso/tools/bin/../lib/gcc/arm-none-eabi/4.9.3/../../../../arm-none-eabi/lib/armv6-m\libc.a(lib_a-itoa.o)
                0x00001448                itoa
 .text.memcmp   0x00001450       0x50 c:/nxp/lpcxpresso_7.8.0_426/lpcxpresso/tools/bin/../lib/gcc/arm-none-eabi/4.9.3/../../../../arm-none-eabi/lib/armv6-m\libc.a(lib_a-memcmp.o)
                0x00001450                memcmp
 .text.memcpy   0x000014a0       0x7c c:/nxp/lpcxpresso_7.8.0_426/lpcxpresso/tools/bin/../lib/gcc/arm-none-eabi/4.9.3/../../../../arm-none-eabi/lib/armv6-m\libc.a(lib_a-memcpy.o)
                0x000014a0                memcpy
 .text.strcat   0x0000151c       0x50 c:/nxp/lpcxpresso_7.8.0_426/lpcxpresso/tools/bin/../lib/gcc/arm-none-eabi/4.9.3/../../../../arm-none-eabi/lib/armv6-m\libc.a(lib_a-strcat.o)
                0x0000151c                strcat
 .text          0x0000156c       0x88 c:/nxp/lpcxpresso_7.8.0_426/lpcxpresso/tools/bin/../lib/gcc/arm-none-eabi/4.9.3/../../../../arm-none-eabi/lib/armv6-m\libc.a(lib_a-strcmp.o)
                0x0000156c                strcmp
 .text.strcpy   0x000015f4       0x10 c:/nxp/lpcxpresso_7.8.0_426/lpcxpresso/tools/bin/../lib/gcc/arm-none-eabi/4.9.3/../../../../arm-none-eabi/lib/armv6-m\libc.a(lib_a-strcpy.o)
                0x000015f4                strcpy
 .text.strlen   0x00001604       0x68 c:/nxp/lpcxpresso_7.8.0_426/lpcxpresso/tools/bin/../lib/gcc/arm-none-eabi/4.9.3/../../../../arm-none-eabi/lib/armv6-m\libc.a(lib_a-strlen.o)
                0x00001604                strlen
 .text.strtok   0x0000166c       0x14 c:/nxp/lpcxpresso_7.8.0_426/lpcxpresso/tools/bin/../lib/gcc/arm-none-eabi/4.9.3/../../../../arm-none-eabi/lib/armv6-m\libc.a(lib_a-strtok.o)
                0x0000166c                strtok
 .text.__strtok_r
                0x00001680       0x64 c:/nxp/lpcxpresso_7.8.0_426/lpcxpresso/tools/bin/../lib/gcc/arm-none-eabi/4.9.3/../../../../arm-none-eabi/lib/armv6-m\libc.a(lib_a-strtok_r.o)
                0x00001680                __strtok_r
 .text._strtol_r
                0x000016e4      0x16c c:/nxp/lpcxpresso_7.8.0_426/lpcxpresso/tools/bin/../lib/gcc/arm-none-eabi/4.9.3/../../../../arm-none-eabi/lib/armv6-m\libc.a(lib_a-strtol.o)
                0x000016e4                _strtol_r
 .text.strtol   0x00001850       0x1c c:/nxp/lpcxpresso_7.8.0_426/lpcxpresso/tools/bin/../lib/gcc/arm-none-eabi/4.9.3/../../../../arm-none-eabi/lib/armv6-m\libc.a(lib_a-strtol.o)
                0x00001850                strtol
 .text.__utoa   0x0000186c       0x8c c:/nxp/lpcxpresso_7.8.0_426/lpcxpresso/tools/bin/../lib/gcc/arm-none-eabi/4.9.3/../../../../arm-none-eabi/lib/armv6-m\libc.a(lib_a-utoa.o)
                0x0000186c                __utoa
 .text          0x000018f8       0x60 c:/nxp/lpcxpresso_7.8.0_426/lpcxpresso/tools/bin/../lib/gcc/arm-none-eabi/4.9.3/armv6-m\crtbegin.o
 *(.rodata .rodata.* .constdata .constdata.*)
 .rodata.str1.1
                0x00001958       0x34 ./src/main.o
                                 0x37 (size before relaxing)
 .rodata.OscRateIn
                0x0000198c        0x4 ./src/utils.o
                0x0000198c                OscRateIn
 .rodata.ExtRateIn
                0x00001990        0x4 ./src/utils.o
                0x00001990                ExtRateIn
 .rodata.str1.1
                0x00001994      0x205 ./src/utils.o
                                0x212 (size before relaxing)
 .rodata.$text  0x00001b99      0x578 ./src/utils.o
                0x00001b99                htmlPart1
                0x00002100                htmlPart2
 *fill*         0x00002111        0x3 
 .rodata.wdtOSCRate
                0x00002114       0x40 C:\Users\Dmitry\Documents\LPCXpresso_7.8.0_426\askue\lpc812-workspace\lpc_chip_8xx\Debug\liblpc_chip_8xx.a(clock_8xx.o)
 .rodata.str1.4
                0x00002154       0x25 c:/nxp/lpcxpresso_7.8.0_426/lpcxpresso/tools/bin/../lib/gcc/arm-none-eabi/4.9.3/../../../../arm-none-eabi/lib/armv6-m\libc.a(lib_a-utoa.o)
                                 0x28 (size before relaxing)
 *fill*         0x00002179        0x3 
 .rodata._ctype_
                0x0000217c      0x104 c:/nxp/lpcxpresso_7.8.0_426/lpcxpresso/tools/bin/../lib/gcc/arm-none-eabi/4.9.3/../../../../arm-none-eabi/lib/armv6-m\libc.a(lib_a-ctype_.o)
                0x0000217c                _ctype_
 .rodata.str1.4
                0x00002280        0x4 c:/nxp/lpcxpresso_7.8.0_426/lpcxpresso/tools/bin/../lib/gcc/arm-none-eabi/4.9.3/../../../../arm-none-eabi/lib/armv6-m\libc.a(lib_a-impure.o)
                0x00002284                . = ALIGN (0x4)
                0x00002284                . = ALIGN (0x4)
 *(.init)
 .init          0x00002284        0x4 c:/nxp/lpcxpresso_7.8.0_426/lpcxpresso/tools/bin/../lib/gcc/arm-none-eabi/4.9.3/armv6-m\crti.o
                0x00002284                _init
 .init          0x00002288        0x8 c:/nxp/lpcxpresso_7.8.0_426/lpcxpresso/tools/bin/../lib/gcc/arm-none-eabi/4.9.3/armv6-m\crtn.o
                0x00002290                . = ALIGN (0x4)
                0x00002290                __preinit_array_start = .
 *(.preinit_array)
                0x00002290                __preinit_array_end = .
                0x00002290                . = ALIGN (0x4)
                0x00002290                __init_array_start = .
 *(SORT(.init_array.*))
 *(.init_array)
 .init_array    0x00002290        0x4 c:/nxp/lpcxpresso_7.8.0_426/lpcxpresso/tools/bin/../lib/gcc/arm-none-eabi/4.9.3/armv6-m\crtbegin.o
                0x00002294                __init_array_end = .
 *(.fini)
 .fini          0x00002294        0x4 c:/nxp/lpcxpresso_7.8.0_426/lpcxpresso/tools/bin/../lib/gcc/arm-none-eabi/4.9.3/armv6-m\crti.o
                0x00002294                _fini
 .fini          0x00002298        0x8 c:/nxp/lpcxpresso_7.8.0_426/lpcxpresso/tools/bin/../lib/gcc/arm-none-eabi/4.9.3/armv6-m\crtn.o
                0x000022a0                . = ALIGN (0x4)
 *crtbegin.o(.ctors)
 *(EXCLUDE_FILE(*crtend.o) .ctors)
 *(SORT(.ctors.*))
 *crtend.o(.ctors)
                0x000022a0                . = ALIGN (0x4)
 *crtbegin.o(.dtors)
 *(EXCLUDE_FILE(*crtend.o) .dtors)
 *(SORT(.dtors.*))
 *crtend.o(.dtors)
                0x000022a0                . = ALIGN (0x4)

.glue_7         0x000022a0        0x0
 .glue_7        0x00000000        0x0 linker stubs

.glue_7t        0x000022a0        0x0
 .glue_7t       0x00000000        0x0 linker stubs

.vfp11_veneer   0x000022a0        0x0
 .vfp11_veneer  0x00000000        0x0 linker stubs

.v4_bx          0x000022a0        0x0
 .v4_bx         0x00000000        0x0 linker stubs

.iplt           0x000022a0        0x0
 .iplt          0x00000000        0x0 ./src/cr_cpp_config.o

.ARM.extab
 *(.ARM.extab* .gnu.linkonce.armextab.*)
                0x000022a0                __exidx_start = .

.ARM.exidx      0x000022a0        0x8
 *(.ARM.exidx* .gnu.linkonce.armexidx.*)
 .ARM.exidx     0x000022a0        0x8 c:/nxp/lpcxpresso_7.8.0_426/lpcxpresso/tools/bin/../lib/gcc/arm-none-eabi/4.9.3/armv6-m\libgcc.a(_divdi3.o)
 .ARM.exidx     0x000022a8        0x0 c:/nxp/lpcxpresso_7.8.0_426/lpcxpresso/tools/bin/../lib/gcc/arm-none-eabi/4.9.3/armv6-m\libgcc.a(_udivdi3.o)
                                  0x8 (size before relaxing)
                0x000022a8                __exidx_end = .
                0x000022a8                _etext = .

.rel.dyn        0x000022a8        0x0
 .rel.iplt      0x00000000        0x0 ./src/cr_cpp_config.o

.eh_frame       0x000022a8        0x0
 .eh_frame      0x000022a8        0x0 c:/nxp/lpcxpresso_7.8.0_426/lpcxpresso/tools/bin/../lib/gcc/arm-none-eabi/4.9.3/armv6-m\crtbegin.o

.mtb_buffer_default
 *(.mtb*)

.uninit_RESERVED
                0x10000000        0x0
 *(.bss.$RESERVED*)
                0x10000000                . = ALIGN (0x4)
                0x10000000                _end_uninit_RESERVED = .

.data           0x10000000      0x434 load address 0x000022a8
 FILL mask 0xff
                0x10000000                _data = .
 *(vtable)
 *(.ramfunc*)
 *(.data*)
 .data._ZZ10processMsgPctE6eState
                0x10000000        0x1 ./src/utils.o
 *fill*         0x10000001        0x3 
 .data.__ctype_ptr__
                0x10000004        0x4 c:/nxp/lpcxpresso_7.8.0_426/lpcxpresso/tools/bin/../lib/gcc/arm-none-eabi/4.9.3/../../../../arm-none-eabi/lib/armv6-m\libc.a(lib_a-ctype_.o)
                0x10000004                __ctype_ptr__
 .data.impure_data
                0x10000008      0x428 c:/nxp/lpcxpresso_7.8.0_426/lpcxpresso/tools/bin/../lib/gcc/arm-none-eabi/4.9.3/../../../../arm-none-eabi/lib/armv6-m\libc.a(lib_a-impure.o)
 .data._impure_ptr
                0x10000430        0x4 c:/nxp/lpcxpresso_7.8.0_426/lpcxpresso/tools/bin/../lib/gcc/arm-none-eabi/4.9.3/../../../../arm-none-eabi/lib/armv6-m\libc.a(lib_a-impure.o)
                0x10000430                _impure_ptr
                0x10000434                . = ALIGN (0x4)
                0x10000434                _edata = .

.igot.plt       0x10000434        0x0 load address 0x000026dc
 .igot.plt      0x00000000        0x0 ./src/cr_cpp_config.o

.jcr            0x10000434        0x0 load address 0x000026dc
 .jcr           0x10000434        0x0 c:/nxp/lpcxpresso_7.8.0_426/lpcxpresso/tools/bin/../lib/gcc/arm-none-eabi/4.9.3/armv6-m\crtbegin.o

.bss            0x10000434      0x3e0 load address 0x000026dc
                0x10000434                _bss = .
 *(.bss*)
 .bss.rxring    0x10000434       0x14 ./src/main.o
                0x10000434                rxring
 .bss._ZZ9vUartTaskvE11tempRecvBuf
                0x10000448      0x100 ./src/main.o
 .bss.errword   0x10000548        0x1 ./src/main.o
                0x10000548                errword
 .bss._ZZ9vUartTaskvE14tempRecvBufInd
                0x10000549        0x1 ./src/main.o
 *fill*         0x1000054a        0x2 
 .bss._ZZ4mainE1i
                0x1000054c        0x4 ./src/main.o
 .bss.STAPIP    0x10000550       0x14 ./src/utils.o
                0x10000550                STAPIP
 .bss._ZZ10parseCWLAPPcE9wifiApInd
                0x10000564        0x1 ./src/utils.o
 .bss.APIP      0x10000565       0x14 ./src/utils.o
                0x10000565                APIP
 .bss._ZZ10processMsgPctE10curConnInd
                0x10000579        0x1 ./src/utils.o
 .bss.wifiApList
                0x1000057a      0x276 ./src/utils.o
                0x1000057a                wifiApList
 .bss._ZZ10processMsgPctE9msgLength
                0x100007f0        0x2 ./src/utils.o
 *fill*         0x100007f2        0x2 
 .bss           0x100007f4       0x1c c:/nxp/lpcxpresso_7.8.0_426/lpcxpresso/tools/bin/../lib/gcc/arm-none-eabi/4.9.3/armv6-m\crtbegin.o
 *(COMMON)
 COMMON         0x10000810        0x4 C:\Users\Dmitry\Documents\LPCXpresso_7.8.0_426\askue\lpc812-workspace\lpc_chip_8xx\Debug\liblpc_chip_8xx.a(chip_8xx.o)
                0x10000810                SystemCoreClock
                0x10000814                . = ALIGN (0x4)
                0x10000814                _ebss = .
                0x10000814                PROVIDE (end, .)

.noinit         0x10000814      0x7e8 load address 0x000026dc
                0x10000814                _noinit = .
 *(.noinit*)
 .noinit        0x10000814      0x400 ./src/main.o
                0x10000814                rxbuff
 .noinit        0x10000c14      0x3e8 ./src/utils.o
                0x10000c14                htmlBody
                0x10000ffc                . = ALIGN (0x4)
                0x10000ffc                _end_noinit = .
                0x10000ffc                PROVIDE (_pvHeapStart, DEFINED (__user_heap_base)?__user_heap_base:.)
                0x10001000                PROVIDE (_vStackTop, DEFINED (__user_stack_top)?__user_stack_top:(__top_RamLoc4 - 0x0))
OUTPUT(lpc812-registr.axf elf32-littlearm)

.debug_info     0x00000000     0x662e
 .debug_info    0x00000000      0x271 ./src/cr_startup_lpc8xx.o
 .debug_info    0x00000271      0x755 ./src/main.o
 .debug_info    0x000009c6     0x2536 ./src/utils.o
 .debug_info    0x00002efc       0xe7 C:\Users\Dmitry\Documents\LPCXpresso_7.8.0_426\askue\lpc812-workspace\lpc_chip_8xx\Debug\liblpc_chip_8xx.a(chip_8xx.o)
 .debug_info    0x00002fe3      0xba3 C:\Users\Dmitry\Documents\LPCXpresso_7.8.0_426\askue\lpc812-workspace\lpc_chip_8xx\Debug\liblpc_chip_8xx.a(clock_8xx.o)
 .debug_info    0x00003b86      0x66e C:\Users\Dmitry\Documents\LPCXpresso_7.8.0_426\askue\lpc812-workspace\lpc_chip_8xx\Debug\liblpc_chip_8xx.a(gpio_8xx.o)
 .debug_info    0x000041f4      0x4a5 C:\Users\Dmitry\Documents\LPCXpresso_7.8.0_426\askue\lpc812-workspace\lpc_chip_8xx\Debug\liblpc_chip_8xx.a(ring_buffer.o)
 .debug_info    0x00004699      0x375 C:\Users\Dmitry\Documents\LPCXpresso_7.8.0_426\askue\lpc812-workspace\lpc_chip_8xx\Debug\liblpc_chip_8xx.a(swm_8xx.o)
 .debug_info    0x00004a0e      0x493 C:\Users\Dmitry\Documents\LPCXpresso_7.8.0_426\askue\lpc812-workspace\lpc_chip_8xx\Debug\liblpc_chip_8xx.a(syscon_8xx.o)
 .debug_info    0x00004ea1      0x7b5 C:\Users\Dmitry\Documents\LPCXpresso_7.8.0_426\askue\lpc812-workspace\lpc_chip_8xx\Debug\liblpc_chip_8xx.a(sysinit_8xx.o)
 .debug_info    0x00005656      0xfd8 C:\Users\Dmitry\Documents\LPCXpresso_7.8.0_426\askue\lpc812-workspace\lpc_chip_8xx\Debug\liblpc_chip_8xx.a(uart_8xx.o)

.debug_abbrev   0x00000000     0x151d
 .debug_abbrev  0x00000000      0x126 ./src/cr_startup_lpc8xx.o
 .debug_abbrev  0x00000126      0x25a ./src/main.o
 .debug_abbrev  0x00000380      0x40b ./src/utils.o
 .debug_abbrev  0x0000078b       0x9b C:\Users\Dmitry\Documents\LPCXpresso_7.8.0_426\askue\lpc812-workspace\lpc_chip_8xx\Debug\liblpc_chip_8xx.a(chip_8xx.o)
 .debug_abbrev  0x00000826      0x347 C:\Users\Dmitry\Documents\LPCXpresso_7.8.0_426\askue\lpc812-workspace\lpc_chip_8xx\Debug\liblpc_chip_8xx.a(clock_8xx.o)
 .debug_abbrev  0x00000b6d      0x134 C:\Users\Dmitry\Documents\LPCXpresso_7.8.0_426\askue\lpc812-workspace\lpc_chip_8xx\Debug\liblpc_chip_8xx.a(gpio_8xx.o)
 .debug_abbrev  0x00000ca1      0x184 C:\Users\Dmitry\Documents\LPCXpresso_7.8.0_426\askue\lpc812-workspace\lpc_chip_8xx\Debug\liblpc_chip_8xx.a(ring_buffer.o)
 .debug_abbrev  0x00000e25      0x13c C:\Users\Dmitry\Documents\LPCXpresso_7.8.0_426\askue\lpc812-workspace\lpc_chip_8xx\Debug\liblpc_chip_8xx.a(swm_8xx.o)
 .debug_abbrev  0x00000f61       0xdd C:\Users\Dmitry\Documents\LPCXpresso_7.8.0_426\askue\lpc812-workspace\lpc_chip_8xx\Debug\liblpc_chip_8xx.a(syscon_8xx.o)
 .debug_abbrev  0x0000103e      0x1be C:\Users\Dmitry\Documents\LPCXpresso_7.8.0_426\askue\lpc812-workspace\lpc_chip_8xx\Debug\liblpc_chip_8xx.a(sysinit_8xx.o)
 .debug_abbrev  0x000011fc      0x321 C:\Users\Dmitry\Documents\LPCXpresso_7.8.0_426\askue\lpc812-workspace\lpc_chip_8xx\Debug\liblpc_chip_8xx.a(uart_8xx.o)

.debug_loc      0x00000000     0x1996
 .debug_loc     0x00000000      0x1a4 ./src/cr_startup_lpc8xx.o
 .debug_loc     0x000001a4       0x18 ./src/main.o
 .debug_loc     0x000001bc      0x458 ./src/utils.o
 .debug_loc     0x00000614      0x32f C:\Users\Dmitry\Documents\LPCXpresso_7.8.0_426\askue\lpc812-workspace\lpc_chip_8xx\Debug\liblpc_chip_8xx.a(clock_8xx.o)
 .debug_loc     0x00000943      0x63e C:\Users\Dmitry\Documents\LPCXpresso_7.8.0_426\askue\lpc812-workspace\lpc_chip_8xx\Debug\liblpc_chip_8xx.a(ring_buffer.o)
 .debug_loc     0x00000f81      0x15f C:\Users\Dmitry\Documents\LPCXpresso_7.8.0_426\askue\lpc812-workspace\lpc_chip_8xx\Debug\liblpc_chip_8xx.a(swm_8xx.o)
 .debug_loc     0x000010e0       0xbd C:\Users\Dmitry\Documents\LPCXpresso_7.8.0_426\askue\lpc812-workspace\lpc_chip_8xx\Debug\liblpc_chip_8xx.a(syscon_8xx.o)
 .debug_loc     0x0000119d      0x7f9 C:\Users\Dmitry\Documents\LPCXpresso_7.8.0_426\askue\lpc812-workspace\lpc_chip_8xx\Debug\liblpc_chip_8xx.a(uart_8xx.o)

.debug_aranges  0x00000000      0x2f8
 .debug_aranges
                0x00000000       0x60 ./src/cr_startup_lpc8xx.o
 .debug_aranges
                0x00000060       0x30 ./src/main.o
 .debug_aranges
                0x00000090       0x58 ./src/utils.o
 .debug_aranges
                0x000000e8       0x20 C:\Users\Dmitry\Documents\LPCXpresso_7.8.0_426\askue\lpc812-workspace\lpc_chip_8xx\Debug\liblpc_chip_8xx.a(chip_8xx.o)
 .debug_aranges
                0x00000108       0x80 C:\Users\Dmitry\Documents\LPCXpresso_7.8.0_426\askue\lpc812-workspace\lpc_chip_8xx\Debug\liblpc_chip_8xx.a(clock_8xx.o)
 .debug_aranges
                0x00000188       0x28 C:\Users\Dmitry\Documents\LPCXpresso_7.8.0_426\askue\lpc812-workspace\lpc_chip_8xx\Debug\liblpc_chip_8xx.a(gpio_8xx.o)
 .debug_aranges
                0x000001b0       0x40 C:\Users\Dmitry\Documents\LPCXpresso_7.8.0_426\askue\lpc812-workspace\lpc_chip_8xx\Debug\liblpc_chip_8xx.a(ring_buffer.o)
 .debug_aranges
                0x000001f0       0x28 C:\Users\Dmitry\Documents\LPCXpresso_7.8.0_426\askue\lpc812-workspace\lpc_chip_8xx\Debug\liblpc_chip_8xx.a(swm_8xx.o)
 .debug_aranges
                0x00000218       0x38 C:\Users\Dmitry\Documents\LPCXpresso_7.8.0_426\askue\lpc812-workspace\lpc_chip_8xx\Debug\liblpc_chip_8xx.a(syscon_8xx.o)
 .debug_aranges
                0x00000250       0x30 C:\Users\Dmitry\Documents\LPCXpresso_7.8.0_426\askue\lpc812-workspace\lpc_chip_8xx\Debug\liblpc_chip_8xx.a(sysinit_8xx.o)
 .debug_aranges
                0x00000280       0x78 C:\Users\Dmitry\Documents\LPCXpresso_7.8.0_426\askue\lpc812-workspace\lpc_chip_8xx\Debug\liblpc_chip_8xx.a(uart_8xx.o)

.debug_ranges   0x00000000      0x728
 .debug_ranges  0x00000000       0x68 ./src/cr_startup_lpc8xx.o
 .debug_ranges  0x00000068       0x20 ./src/main.o
 .debug_ranges  0x00000088      0x258 ./src/utils.o
 .debug_ranges  0x000002e0       0x10 C:\Users\Dmitry\Documents\LPCXpresso_7.8.0_426\askue\lpc812-workspace\lpc_chip_8xx\Debug\liblpc_chip_8xx.a(chip_8xx.o)
 .debug_ranges  0x000002f0       0xf0 C:\Users\Dmitry\Documents\LPCXpresso_7.8.0_426\askue\lpc812-workspace\lpc_chip_8xx\Debug\liblpc_chip_8xx.a(clock_8xx.o)
 .debug_ranges  0x000003e0       0x48 C:\Users\Dmitry\Documents\LPCXpresso_7.8.0_426\askue\lpc812-workspace\lpc_chip_8xx\Debug\liblpc_chip_8xx.a(gpio_8xx.o)
 .debug_ranges  0x00000428       0xe8 C:\Users\Dmitry\Documents\LPCXpresso_7.8.0_426\askue\lpc812-workspace\lpc_chip_8xx\Debug\liblpc_chip_8xx.a(ring_buffer.o)
 .debug_ranges  0x00000510       0x18 C:\Users\Dmitry\Documents\LPCXpresso_7.8.0_426\askue\lpc812-workspace\lpc_chip_8xx\Debug\liblpc_chip_8xx.a(swm_8xx.o)
 .debug_ranges  0x00000528       0x28 C:\Users\Dmitry\Documents\LPCXpresso_7.8.0_426\askue\lpc812-workspace\lpc_chip_8xx\Debug\liblpc_chip_8xx.a(syscon_8xx.o)
 .debug_ranges  0x00000550       0xb0 C:\Users\Dmitry\Documents\LPCXpresso_7.8.0_426\askue\lpc812-workspace\lpc_chip_8xx\Debug\liblpc_chip_8xx.a(sysinit_8xx.o)
 .debug_ranges  0x00000600      0x128 C:\Users\Dmitry\Documents\LPCXpresso_7.8.0_426\askue\lpc812-workspace\lpc_chip_8xx\Debug\liblpc_chip_8xx.a(uart_8xx.o)

.debug_macro    0x00000000     0x3d7e
 .debug_macro   0x00000000       0x1d ./src/cr_startup_lpc8xx.o
 .debug_macro   0x0000001d      0x20e ./src/main.o
 .debug_macro   0x0000022b       0x82 ./src/main.o
 .debug_macro   0x000002ad       0x44 ./src/main.o
 .debug_macro   0x000002f1       0x1c ./src/main.o
 .debug_macro   0x0000030d      0x1f7 ./src/main.o
 .debug_macro   0x00000504       0x28 ./src/main.o
 .debug_macro   0x0000052c       0x66 ./src/main.o
 .debug_macro   0x00000592       0x10 ./src/main.o
 .debug_macro   0x000005a2       0x28 ./src/main.o
 .debug_macro   0x000005ca       0x3a ./src/main.o
 .debug_macro   0x00000604       0x1f ./src/main.o
 .debug_macro   0x00000623      0x250 ./src/main.o
 .debug_macro   0x00000873      0x145 ./src/main.o
 .debug_macro   0x000009b8       0xca ./src/main.o
 .debug_macro   0x00000a82       0x6a ./src/main.o
 .debug_macro   0x00000aec       0x70 ./src/main.o
 .debug_macro   0x00000b5c       0x28 ./src/main.o
 .debug_macro   0x00000b84      0x190 ./src/main.o
 .debug_macro   0x00000d14       0x1c ./src/main.o
 .debug_macro   0x00000d30       0x64 ./src/main.o
 .debug_macro   0x00000d94       0x10 ./src/main.o
 .debug_macro   0x00000da4       0x22 ./src/main.o
 .debug_macro   0x00000dc6       0xb2 ./src/main.o
 .debug_macro   0x00000e78       0x58 ./src/main.o
 .debug_macro   0x00000ed0       0x58 ./src/main.o
 .debug_macro   0x00000f28       0x6a ./src/main.o
 .debug_macro   0x00000f92       0x82 ./src/main.o
 .debug_macro   0x00001014       0x16 ./src/main.o
 .debug_macro   0x0000102a      0x131 ./src/main.o
 .debug_macro   0x0000115b       0x22 ./src/main.o
 .debug_macro   0x0000117d       0x52 ./src/main.o
 .debug_macro   0x000011cf      0x181 ./src/main.o
 .debug_macro   0x00001350      0x289 ./src/main.o
 .debug_macro   0x000015d9      0x28b ./src/main.o
 .debug_macro   0x00001864       0x2e ./src/main.o
 .debug_macro   0x00001892       0x22 ./src/main.o
 .debug_macro   0x000018b4       0x1c ./src/main.o
 .debug_macro   0x000018d0      0x2f1 ./src/utils.o
 .debug_macro   0x00001bc1      0x166 ./src/utils.o
 .debug_macro   0x00001d27       0x10 ./src/utils.o
 .debug_macro   0x00001d37       0x35 ./src/utils.o
 .debug_macro   0x00001d6c      0x1d5 C:\Users\Dmitry\Documents\LPCXpresso_7.8.0_426\askue\lpc812-workspace\lpc_chip_8xx\Debug\liblpc_chip_8xx.a(chip_8xx.o)
 .debug_macro   0x00001f41      0x838 C:\Users\Dmitry\Documents\LPCXpresso_7.8.0_426\askue\lpc812-workspace\lpc_chip_8xx\Debug\liblpc_chip_8xx.a(chip_8xx.o)
 .debug_macro   0x00002779       0x10 C:\Users\Dmitry\Documents\LPCXpresso_7.8.0_426\askue\lpc812-workspace\lpc_chip_8xx\Debug\liblpc_chip_8xx.a(chip_8xx.o)
 .debug_macro   0x00002789      0x12d C:\Users\Dmitry\Documents\LPCXpresso_7.8.0_426\askue\lpc812-workspace\lpc_chip_8xx\Debug\liblpc_chip_8xx.a(chip_8xx.o)
 .debug_macro   0x000028b6      0x5b2 C:\Users\Dmitry\Documents\LPCXpresso_7.8.0_426\askue\lpc812-workspace\lpc_chip_8xx\Debug\liblpc_chip_8xx.a(chip_8xx.o)
 .debug_macro   0x00002e68       0x22 C:\Users\Dmitry\Documents\LPCXpresso_7.8.0_426\askue\lpc812-workspace\lpc_chip_8xx\Debug\liblpc_chip_8xx.a(chip_8xx.o)
 .debug_macro   0x00002e8a       0x7b C:\Users\Dmitry\Documents\LPCXpresso_7.8.0_426\askue\lpc812-workspace\lpc_chip_8xx\Debug\liblpc_chip_8xx.a(chip_8xx.o)
 .debug_macro   0x00002f05      0x250 C:\Users\Dmitry\Documents\LPCXpresso_7.8.0_426\askue\lpc812-workspace\lpc_chip_8xx\Debug\liblpc_chip_8xx.a(chip_8xx.o)
 .debug_macro   0x00003155      0x1d5 C:\Users\Dmitry\Documents\LPCXpresso_7.8.0_426\askue\lpc812-workspace\lpc_chip_8xx\Debug\liblpc_chip_8xx.a(clock_8xx.o)
 .debug_macro   0x0000332a      0x1d5 C:\Users\Dmitry\Documents\LPCXpresso_7.8.0_426\askue\lpc812-workspace\lpc_chip_8xx\Debug\liblpc_chip_8xx.a(gpio_8xx.o)
 .debug_macro   0x000034ff       0x83 C:\Users\Dmitry\Documents\LPCXpresso_7.8.0_426\askue\lpc812-workspace\lpc_chip_8xx\Debug\liblpc_chip_8xx.a(ring_buffer.o)
 .debug_macro   0x00003582       0x74 C:\Users\Dmitry\Documents\LPCXpresso_7.8.0_426\askue\lpc812-workspace\lpc_chip_8xx\Debug\liblpc_chip_8xx.a(ring_buffer.o)
 .debug_macro   0x000035f6       0x10 C:\Users\Dmitry\Documents\LPCXpresso_7.8.0_426\askue\lpc812-workspace\lpc_chip_8xx\Debug\liblpc_chip_8xx.a(ring_buffer.o)
 .debug_macro   0x00003606      0x1e1 C:\Users\Dmitry\Documents\LPCXpresso_7.8.0_426\askue\lpc812-workspace\lpc_chip_8xx\Debug\liblpc_chip_8xx.a(swm_8xx.o)
 .debug_macro   0x000037e7      0x1ed C:\Users\Dmitry\Documents\LPCXpresso_7.8.0_426\askue\lpc812-workspace\lpc_chip_8xx\Debug\liblpc_chip_8xx.a(syscon_8xx.o)
 .debug_macro   0x000039d4      0x1d5 C:\Users\Dmitry\Documents\LPCXpresso_7.8.0_426\askue\lpc812-workspace\lpc_chip_8xx\Debug\liblpc_chip_8xx.a(sysinit_8xx.o)
 .debug_macro   0x00003ba9      0x1d5 C:\Users\Dmitry\Documents\LPCXpresso_7.8.0_426\askue\lpc812-workspace\lpc_chip_8xx\Debug\liblpc_chip_8xx.a(uart_8xx.o)

.debug_line     0x00000000     0x2dc6
 .debug_line    0x00000000       0xad ./src/cr_startup_lpc8xx.o
 .debug_line    0x000000ad      0x4ba ./src/main.o
 .debug_line    0x00000567      0x804 ./src/utils.o
 .debug_line    0x00000d6b      0x388 C:\Users\Dmitry\Documents\LPCXpresso_7.8.0_426\askue\lpc812-workspace\lpc_chip_8xx\Debug\liblpc_chip_8xx.a(chip_8xx.o)
 .debug_line    0x000010f3      0x53b C:\Users\Dmitry\Documents\LPCXpresso_7.8.0_426\askue\lpc812-workspace\lpc_chip_8xx\Debug\liblpc_chip_8xx.a(clock_8xx.o)
 .debug_line    0x0000162e      0x3c3 C:\Users\Dmitry\Documents\LPCXpresso_7.8.0_426\askue\lpc812-workspace\lpc_chip_8xx\Debug\liblpc_chip_8xx.a(gpio_8xx.o)
 .debug_line    0x000019f1      0x29b C:\Users\Dmitry\Documents\LPCXpresso_7.8.0_426\askue\lpc812-workspace\lpc_chip_8xx\Debug\liblpc_chip_8xx.a(ring_buffer.o)
 .debug_line    0x00001c8c      0x3ac C:\Users\Dmitry\Documents\LPCXpresso_7.8.0_426\askue\lpc812-workspace\lpc_chip_8xx\Debug\liblpc_chip_8xx.a(swm_8xx.o)
 .debug_line    0x00002038      0x3cc C:\Users\Dmitry\Documents\LPCXpresso_7.8.0_426\askue\lpc812-workspace\lpc_chip_8xx\Debug\liblpc_chip_8xx.a(syscon_8xx.o)
 .debug_line    0x00002404      0x448 C:\Users\Dmitry\Documents\LPCXpresso_7.8.0_426\askue\lpc812-workspace\lpc_chip_8xx\Debug\liblpc_chip_8xx.a(sysinit_8xx.o)
 .debug_line    0x0000284c      0x57a C:\Users\Dmitry\Documents\LPCXpresso_7.8.0_426\askue\lpc812-workspace\lpc_chip_8xx\Debug\liblpc_chip_8xx.a(uart_8xx.o)

.debug_str      0x00000000     0xf3e5
 .debug_str     0x00000000     0x25b4 ./src/cr_startup_lpc8xx.o
                               0x25c7 (size before relaxing)
 .debug_str     0x000025b4     0x7470 ./src/main.o
                               0x9a0e (size before relaxing)
 .debug_str     0x00009a24     0x3656 ./src/utils.o
                               0xd08b (size before relaxing)
 .debug_str     0x0000d07a     0x1944 C:\Users\Dmitry\Documents\LPCXpresso_7.8.0_426\askue\lpc812-workspace\lpc_chip_8xx\Debug\liblpc_chip_8xx.a(chip_8xx.o)
                               0x9a45 (size before relaxing)
 .debug_str     0x0000e9be      0x5a9 C:\Users\Dmitry\Documents\LPCXpresso_7.8.0_426\askue\lpc812-workspace\lpc_chip_8xx\Debug\liblpc_chip_8xx.a(clock_8xx.o)
                               0xa3f3 (size before relaxing)
 .debug_str     0x0000ef67       0x23 C:\Users\Dmitry\Documents\LPCXpresso_7.8.0_426\askue\lpc812-workspace\lpc_chip_8xx\Debug\liblpc_chip_8xx.a(gpio_8xx.o)
                               0x9ea1 (size before relaxing)
 .debug_str     0x0000ef8a      0x134 C:\Users\Dmitry\Documents\LPCXpresso_7.8.0_426\askue\lpc812-workspace\lpc_chip_8xx\Debug\liblpc_chip_8xx.a(ring_buffer.o)
                               0x3eff (size before relaxing)
 .debug_str     0x0000f0be       0xbc C:\Users\Dmitry\Documents\LPCXpresso_7.8.0_426\askue\lpc812-workspace\lpc_chip_8xx\Debug\liblpc_chip_8xx.a(swm_8xx.o)
                               0x9e00 (size before relaxing)
 .debug_str     0x0000f17a       0xea C:\Users\Dmitry\Documents\LPCXpresso_7.8.0_426\askue\lpc812-workspace\lpc_chip_8xx\Debug\liblpc_chip_8xx.a(syscon_8xx.o)
                               0x9d17 (size before relaxing)
 .debug_str     0x0000f264       0x42 C:\Users\Dmitry\Documents\LPCXpresso_7.8.0_426\askue\lpc812-workspace\lpc_chip_8xx\Debug\liblpc_chip_8xx.a(sysinit_8xx.o)
                               0x9ed1 (size before relaxing)
 .debug_str     0x0000f2a6      0x13f C:\Users\Dmitry\Documents\LPCXpresso_7.8.0_426\askue\lpc812-workspace\lpc_chip_8xx\Debug\liblpc_chip_8xx.a(uart_8xx.o)
                               0xa232 (size before relaxing)

.comment        0x00000000       0x70
 .comment       0x00000000       0x70 ./src/cr_startup_lpc8xx.o
                                 0x71 (size before relaxing)
 .comment       0x00000000       0x71 ./src/main.o
 .comment       0x00000000       0x71 ./src/utils.o
 .comment       0x00000000       0x71 C:\Users\Dmitry\Documents\LPCXpresso_7.8.0_426\askue\lpc812-workspace\lpc_chip_8xx\Debug\liblpc_chip_8xx.a(chip_8xx.o)
 .comment       0x00000000       0x71 C:\Users\Dmitry\Documents\LPCXpresso_7.8.0_426\askue\lpc812-workspace\lpc_chip_8xx\Debug\liblpc_chip_8xx.a(clock_8xx.o)
 .comment       0x00000000       0x71 C:\Users\Dmitry\Documents\LPCXpresso_7.8.0_426\askue\lpc812-workspace\lpc_chip_8xx\Debug\liblpc_chip_8xx.a(gpio_8xx.o)
 .comment       0x00000000       0x71 C:\Users\Dmitry\Documents\LPCXpresso_7.8.0_426\askue\lpc812-workspace\lpc_chip_8xx\Debug\liblpc_chip_8xx.a(ring_buffer.o)
 .comment       0x00000000       0x71 C:\Users\Dmitry\Documents\LPCXpresso_7.8.0_426\askue\lpc812-workspace\lpc_chip_8xx\Debug\liblpc_chip_8xx.a(swm_8xx.o)
 .comment       0x00000000       0x71 C:\Users\Dmitry\Documents\LPCXpresso_7.8.0_426\askue\lpc812-workspace\lpc_chip_8xx\Debug\liblpc_chip_8xx.a(syscon_8xx.o)
 .comment       0x00000000       0x71 C:\Users\Dmitry\Documents\LPCXpresso_7.8.0_426\askue\lpc812-workspace\lpc_chip_8xx\Debug\liblpc_chip_8xx.a(sysinit_8xx.o)
 .comment       0x00000000       0x71 C:\Users\Dmitry\Documents\LPCXpresso_7.8.0_426\askue\lpc812-workspace\lpc_chip_8xx\Debug\liblpc_chip_8xx.a(uart_8xx.o)

.ARM.attributes
                0x00000000       0x2f
 .ARM.attributes
                0x00000000       0x31 ./src/cr_startup_lpc8xx.o
 .ARM.attributes
                0x00000031       0x31 ./src/main.o
 .ARM.attributes
                0x00000062       0x31 ./src/utils.o
 .ARM.attributes
                0x00000093       0x31 C:\Users\Dmitry\Documents\LPCXpresso_7.8.0_426\askue\lpc812-workspace\lpc_chip_8xx\Debug\liblpc_chip_8xx.a(chip_8xx.o)
 .ARM.attributes
                0x000000c4       0x31 C:\Users\Dmitry\Documents\LPCXpresso_7.8.0_426\askue\lpc812-workspace\lpc_chip_8xx\Debug\liblpc_chip_8xx.a(clock_8xx.o)
 .ARM.attributes
                0x000000f5       0x31 C:\Users\Dmitry\Documents\LPCXpresso_7.8.0_426\askue\lpc812-workspace\lpc_chip_8xx\Debug\liblpc_chip_8xx.a(gpio_8xx.o)
 .ARM.attributes
                0x00000126       0x31 C:\Users\Dmitry\Documents\LPCXpresso_7.8.0_426\askue\lpc812-workspace\lpc_chip_8xx\Debug\liblpc_chip_8xx.a(ring_buffer.o)
 .ARM.attributes
                0x00000157       0x31 C:\Users\Dmitry\Documents\LPCXpresso_7.8.0_426\askue\lpc812-workspace\lpc_chip_8xx\Debug\liblpc_chip_8xx.a(swm_8xx.o)
 .ARM.attributes
                0x00000188       0x31 C:\Users\Dmitry\Documents\LPCXpresso_7.8.0_426\askue\lpc812-workspace\lpc_chip_8xx\Debug\liblpc_chip_8xx.a(syscon_8xx.o)
 .ARM.attributes
                0x000001b9       0x31 C:\Users\Dmitry\Documents\LPCXpresso_7.8.0_426\askue\lpc812-workspace\lpc_chip_8xx\Debug\liblpc_chip_8xx.a(sysinit_8xx.o)
 .ARM.attributes
                0x000001ea       0x31 C:\Users\Dmitry\Documents\LPCXpresso_7.8.0_426\askue\lpc812-workspace\lpc_chip_8xx\Debug\liblpc_chip_8xx.a(uart_8xx.o)
 .ARM.attributes
                0x0000021b       0x1e c:/nxp/lpcxpresso_7.8.0_426/lpcxpresso/tools/bin/../lib/gcc/arm-none-eabi/4.9.3/armv6-m\libgcc.a(_thumb1_case_uhi.o)
 .ARM.attributes
                0x00000239       0x1e c:/nxp/lpcxpresso_7.8.0_426/lpcxpresso/tools/bin/../lib/gcc/arm-none-eabi/4.9.3/armv6-m\libgcc.a(_udivsi3.o)
 .ARM.attributes
                0x00000257       0x1e c:/nxp/lpcxpresso_7.8.0_426/lpcxpresso/tools/bin/../lib/gcc/arm-none-eabi/4.9.3/armv6-m\libgcc.a(_dvmd_tls.o)
 .ARM.attributes
                0x00000275       0x1e c:/nxp/lpcxpresso_7.8.0_426/lpcxpresso/tools/bin/../lib/gcc/arm-none-eabi/4.9.3/armv6-m\libgcc.a(_aeabi_uldivmod.o)
 .ARM.attributes
                0x00000293       0x2c c:/nxp/lpcxpresso_7.8.0_426/lpcxpresso/tools/bin/../lib/gcc/arm-none-eabi/4.9.3/armv6-m\libgcc.a(bpabi.o)
 .ARM.attributes
                0x000002bf       0x2c c:/nxp/lpcxpresso_7.8.0_426/lpcxpresso/tools/bin/../lib/gcc/arm-none-eabi/4.9.3/armv6-m\libgcc.a(_muldi3.o)
 .ARM.attributes
                0x000002eb       0x2c c:/nxp/lpcxpresso_7.8.0_426/lpcxpresso/tools/bin/../lib/gcc/arm-none-eabi/4.9.3/armv6-m\libgcc.a(_divdi3.o)
 .ARM.attributes
                0x00000317       0x2c c:/nxp/lpcxpresso_7.8.0_426/lpcxpresso/tools/bin/../lib/gcc/arm-none-eabi/4.9.3/armv6-m\libgcc.a(_udivdi3.o)
 .ARM.attributes
                0x00000343       0x1e c:/nxp/lpcxpresso_7.8.0_426/lpcxpresso/tools/bin/../lib/gcc/arm-none-eabi/4.9.3/armv6-m\libgcc.a(_clzdi2.o)
 .ARM.attributes
                0x00000361       0x1e c:/nxp/lpcxpresso_7.8.0_426/lpcxpresso/tools/bin/../lib/gcc/arm-none-eabi/4.9.3/armv6-m\libgcc.a(_clzsi2.o)
 .ARM.attributes
                0x0000037f       0x2c c:/nxp/lpcxpresso_7.8.0_426/lpcxpresso/tools/bin/../lib/gcc/arm-none-eabi/4.9.3/../../../../arm-none-eabi/lib/armv6-m\libc.a(lib_a-atoi.o)
 .ARM.attributes
                0x000003ab       0x2c c:/nxp/lpcxpresso_7.8.0_426/lpcxpresso/tools/bin/../lib/gcc/arm-none-eabi/4.9.3/../../../../arm-none-eabi/lib/armv6-m\libc.a(lib_a-init.o)
 .ARM.attributes
                0x000003d7       0x2c c:/nxp/lpcxpresso_7.8.0_426/lpcxpresso/tools/bin/../lib/gcc/arm-none-eabi/4.9.3/../../../../arm-none-eabi/lib/armv6-m\libc.a(lib_a-itoa.o)
 .ARM.attributes
                0x00000403       0x2c c:/nxp/lpcxpresso_7.8.0_426/lpcxpresso/tools/bin/../lib/gcc/arm-none-eabi/4.9.3/../../../../arm-none-eabi/lib/armv6-m\libc.a(lib_a-memcmp.o)
 .ARM.attributes
                0x0000042f       0x2c c:/nxp/lpcxpresso_7.8.0_426/lpcxpresso/tools/bin/../lib/gcc/arm-none-eabi/4.9.3/../../../../arm-none-eabi/lib/armv6-m\libc.a(lib_a-memcpy.o)
 .ARM.attributes
                0x0000045b       0x2c c:/nxp/lpcxpresso_7.8.0_426/lpcxpresso/tools/bin/../lib/gcc/arm-none-eabi/4.9.3/../../../../arm-none-eabi/lib/armv6-m\libc.a(lib_a-strcat.o)
 .ARM.attributes
                0x00000487       0x1b c:/nxp/lpcxpresso_7.8.0_426/lpcxpresso/tools/bin/../lib/gcc/arm-none-eabi/4.9.3/../../../../arm-none-eabi/lib/armv6-m\libc.a(lib_a-strcmp.o)
 .ARM.attributes
                0x000004a2       0x2c c:/nxp/lpcxpresso_7.8.0_426/lpcxpresso/tools/bin/../lib/gcc/arm-none-eabi/4.9.3/../../../../arm-none-eabi/lib/armv6-m\libc.a(lib_a-strcpy.o)
 .ARM.attributes
                0x000004ce       0x2c c:/nxp/lpcxpresso_7.8.0_426/lpcxpresso/tools/bin/../lib/gcc/arm-none-eabi/4.9.3/../../../../arm-none-eabi/lib/armv6-m\libc.a(lib_a-strlen.o)
 .ARM.attributes
                0x000004fa       0x2c c:/nxp/lpcxpresso_7.8.0_426/lpcxpresso/tools/bin/../lib/gcc/arm-none-eabi/4.9.3/../../../../arm-none-eabi/lib/armv6-m\libc.a(lib_a-strtok.o)
 .ARM.attributes
                0x00000526       0x2c c:/nxp/lpcxpresso_7.8.0_426/lpcxpresso/tools/bin/../lib/gcc/arm-none-eabi/4.9.3/../../../../arm-none-eabi/lib/armv6-m\libc.a(lib_a-strtok_r.o)
 .ARM.attributes
                0x00000552       0x2c c:/nxp/lpcxpresso_7.8.0_426/lpcxpresso/tools/bin/../lib/gcc/arm-none-eabi/4.9.3/../../../../arm-none-eabi/lib/armv6-m\libc.a(lib_a-strtol.o)
 .ARM.attributes
                0x0000057e       0x2c c:/nxp/lpcxpresso_7.8.0_426/lpcxpresso/tools/bin/../lib/gcc/arm-none-eabi/4.9.3/../../../../arm-none-eabi/lib/armv6-m\libc.a(lib_a-utoa.o)
 .ARM.attributes
                0x000005aa       0x2c c:/nxp/lpcxpresso_7.8.0_426/lpcxpresso/tools/bin/../lib/gcc/arm-none-eabi/4.9.3/../../../../arm-none-eabi/lib/armv6-m\libc.a(lib_a-ctype_.o)
 .ARM.attributes
                0x000005d6       0x2c c:/nxp/lpcxpresso_7.8.0_426/lpcxpresso/tools/bin/../lib/gcc/arm-none-eabi/4.9.3/../../../../arm-none-eabi/lib/armv6-m\libc.a(lib_a-impure.o)
 .ARM.attributes
                0x00000602       0x1e c:/nxp/lpcxpresso_7.8.0_426/lpcxpresso/tools/bin/../lib/gcc/arm-none-eabi/4.9.3/armv6-m\crti.o
 .ARM.attributes
                0x00000620       0x1e c:/nxp/lpcxpresso_7.8.0_426/lpcxpresso/tools/bin/../lib/gcc/arm-none-eabi/4.9.3/armv6-m\crtn.o
 .ARM.attributes
                0x0000063e       0x2c c:/nxp/lpcxpresso_7.8.0_426/lpcxpresso/tools/bin/../lib/gcc/arm-none-eabi/4.9.3/armv6-m\crtbegin.o

.debug_frame    0x00000000      0xa28
 .debug_frame   0x00000000       0xb0 ./src/cr_startup_lpc8xx.o
 .debug_frame   0x000000b0       0x60 ./src/main.o
 .debug_frame   0x00000110       0xf8 ./src/utils.o
 .debug_frame   0x00000208       0x28 C:\Users\Dmitry\Documents\LPCXpresso_7.8.0_426\askue\lpc812-workspace\lpc_chip_8xx\Debug\liblpc_chip_8xx.a(chip_8xx.o)
 .debug_frame   0x00000230      0x124 C:\Users\Dmitry\Documents\LPCXpresso_7.8.0_426\askue\lpc812-workspace\lpc_chip_8xx\Debug\liblpc_chip_8xx.a(clock_8xx.o)
 .debug_frame   0x00000354       0x30 C:\Users\Dmitry\Documents\LPCXpresso_7.8.0_426\askue\lpc812-workspace\lpc_chip_8xx\Debug\liblpc_chip_8xx.a(gpio_8xx.o)
 .debug_frame   0x00000384       0x98 C:\Users\Dmitry\Documents\LPCXpresso_7.8.0_426\askue\lpc812-workspace\lpc_chip_8xx\Debug\liblpc_chip_8xx.a(ring_buffer.o)
 .debug_frame   0x0000041c       0x40 C:\Users\Dmitry\Documents\LPCXpresso_7.8.0_426\askue\lpc812-workspace\lpc_chip_8xx\Debug\liblpc_chip_8xx.a(swm_8xx.o)
 .debug_frame   0x0000045c       0x58 C:\Users\Dmitry\Documents\LPCXpresso_7.8.0_426\askue\lpc812-workspace\lpc_chip_8xx\Debug\liblpc_chip_8xx.a(syscon_8xx.o)
 .debug_frame   0x000004b4       0x58 C:\Users\Dmitry\Documents\LPCXpresso_7.8.0_426\askue\lpc812-workspace\lpc_chip_8xx\Debug\liblpc_chip_8xx.a(sysinit_8xx.o)
 .debug_frame   0x0000050c      0x16c C:\Users\Dmitry\Documents\LPCXpresso_7.8.0_426\askue\lpc812-workspace\lpc_chip_8xx\Debug\liblpc_chip_8xx.a(uart_8xx.o)
 .debug_frame   0x00000678       0x20 c:/nxp/lpcxpresso_7.8.0_426/lpcxpresso/tools/bin/../lib/gcc/arm-none-eabi/4.9.3/armv6-m\libgcc.a(_udivsi3.o)
 .debug_frame   0x00000698       0x50 c:/nxp/lpcxpresso_7.8.0_426/lpcxpresso/tools/bin/../lib/gcc/arm-none-eabi/4.9.3/armv6-m\libgcc.a(bpabi.o)
 .debug_frame   0x000006e8       0x34 c:/nxp/lpcxpresso_7.8.0_426/lpcxpresso/tools/bin/../lib/gcc/arm-none-eabi/4.9.3/armv6-m\libgcc.a(_muldi3.o)
 .debug_frame   0x0000071c       0x3c c:/nxp/lpcxpresso_7.8.0_426/lpcxpresso/tools/bin/../lib/gcc/arm-none-eabi/4.9.3/armv6-m\libgcc.a(_divdi3.o)
 .debug_frame   0x00000758       0x3c c:/nxp/lpcxpresso_7.8.0_426/lpcxpresso/tools/bin/../lib/gcc/arm-none-eabi/4.9.3/armv6-m\libgcc.a(_udivdi3.o)
 .debug_frame   0x00000794       0x40 c:/nxp/lpcxpresso_7.8.0_426/lpcxpresso/tools/bin/../lib/gcc/arm-none-eabi/4.9.3/../../../../arm-none-eabi/lib/armv6-m\libc.a(lib_a-atoi.o)
 .debug_frame   0x000007d4       0x2c c:/nxp/lpcxpresso_7.8.0_426/lpcxpresso/tools/bin/../lib/gcc/arm-none-eabi/4.9.3/../../../../arm-none-eabi/lib/armv6-m\libc.a(lib_a-init.o)
 .debug_frame   0x00000800       0x40 c:/nxp/lpcxpresso_7.8.0_426/lpcxpresso/tools/bin/../lib/gcc/arm-none-eabi/4.9.3/../../../../arm-none-eabi/lib/armv6-m\libc.a(lib_a-itoa.o)
 .debug_frame   0x00000840       0x2c c:/nxp/lpcxpresso_7.8.0_426/lpcxpresso/tools/bin/../lib/gcc/arm-none-eabi/4.9.3/../../../../arm-none-eabi/lib/armv6-m\libc.a(lib_a-memcmp.o)
 .debug_frame   0x0000086c       0x2c c:/nxp/lpcxpresso_7.8.0_426/lpcxpresso/tools/bin/../lib/gcc/arm-none-eabi/4.9.3/../../../../arm-none-eabi/lib/armv6-m\libc.a(lib_a-memcpy.o)
 .debug_frame   0x00000898       0x2c c:/nxp/lpcxpresso_7.8.0_426/lpcxpresso/tools/bin/../lib/gcc/arm-none-eabi/4.9.3/../../../../arm-none-eabi/lib/armv6-m\libc.a(lib_a-strcat.o)
 .debug_frame   0x000008c4       0x20 c:/nxp/lpcxpresso_7.8.0_426/lpcxpresso/tools/bin/../lib/gcc/arm-none-eabi/4.9.3/../../../../arm-none-eabi/lib/armv6-m\libc.a(lib_a-strcpy.o)
 .debug_frame   0x000008e4       0x28 c:/nxp/lpcxpresso_7.8.0_426/lpcxpresso/tools/bin/../lib/gcc/arm-none-eabi/4.9.3/../../../../arm-none-eabi/lib/armv6-m\libc.a(lib_a-strlen.o)
 .debug_frame   0x0000090c       0x28 c:/nxp/lpcxpresso_7.8.0_426/lpcxpresso/tools/bin/../lib/gcc/arm-none-eabi/4.9.3/../../../../arm-none-eabi/lib/armv6-m\libc.a(lib_a-strtok.o)
 .debug_frame   0x00000934       0x48 c:/nxp/lpcxpresso_7.8.0_426/lpcxpresso/tools/bin/../lib/gcc/arm-none-eabi/4.9.3/../../../../arm-none-eabi/lib/armv6-m\libc.a(lib_a-strtok_r.o)
 .debug_frame   0x0000097c       0x58 c:/nxp/lpcxpresso_7.8.0_426/lpcxpresso/tools/bin/../lib/gcc/arm-none-eabi/4.9.3/../../../../arm-none-eabi/lib/armv6-m\libc.a(lib_a-strtol.o)
 .debug_frame   0x000009d4       0x54 c:/nxp/lpcxpresso_7.8.0_426/lpcxpresso/tools/bin/../lib/gcc/arm-none-eabi/4.9.3/../../../../arm-none-eabi/lib/armv6-m\libc.a(lib_a-utoa.o)
