Archive member included because of file (symbol)

C:\Users\Dmitry\Documents\LPCXpresso_7.8.0_426\askue\lpc812-workspace\lpc_chip_8xx\Debug\liblpc_chip_8xx.a(chip_8xx.o)
                              ./src/utils.o (SystemCoreClockUpdate)
C:\Users\Dmitry\Documents\LPCXpresso_7.8.0_426\askue\lpc812-workspace\lpc_chip_8xx\Debug\liblpc_chip_8xx.a(clock_8xx.o)
                              ./src/utils.o (Chip_Clock_SetSystemPLLSource)
C:\Users\Dmitry\Documents\LPCXpresso_7.8.0_426\askue\lpc812-workspace\lpc_chip_8xx\Debug\liblpc_chip_8xx.a(gpio_8xx.o)
                              ./src/utils.o (Chip_GPIO_Init)
C:\Users\Dmitry\Documents\LPCXpresso_7.8.0_426\askue\lpc812-workspace\lpc_chip_8xx\Debug\liblpc_chip_8xx.a(ring_buffer.o)
                              ./src/main.o (RingBuffer_Init)
C:\Users\Dmitry\Documents\LPCXpresso_7.8.0_426\askue\lpc812-workspace\lpc_chip_8xx\Debug\liblpc_chip_8xx.a(swm_8xx.o)
                              ./src/utils.o (Chip_SWM_MovablePinAssign)
C:\Users\Dmitry\Documents\LPCXpresso_7.8.0_426\askue\lpc812-workspace\lpc_chip_8xx\Debug\liblpc_chip_8xx.a(syscon_8xx.o)
                              ./src/utils.o (Chip_SYSCTL_PowerDown)
C:\Users\Dmitry\Documents\LPCXpresso_7.8.0_426\askue\lpc812-workspace\lpc_chip_8xx\Debug\liblpc_chip_8xx.a(sysinit_8xx.o)
                              ./src/cr_startup_lpc8xx.o (Chip_SystemInit)
C:\Users\Dmitry\Documents\LPCXpresso_7.8.0_426\askue\lpc812-workspace\lpc_chip_8xx\Debug\liblpc_chip_8xx.a(uart_8xx.o)
                              ./src/utils.o (Chip_UART_Init)
c:/nxp/lpcxpresso_7.8.0_426/lpcxpresso/tools/bin/../lib/gcc/arm-none-eabi/4.9.3/armv6-m\libgcc.a(_thumb1_case_uhi.o)
                              ./src/utils.o (__gnu_thumb1_case_uhi)
c:/nxp/lpcxpresso_7.8.0_426/lpcxpresso/tools/bin/../lib/gcc/arm-none-eabi/4.9.3/armv6-m\libgcc.a(_udivsi3.o)
                              C:\Users\Dmitry\Documents\LPCXpresso_7.8.0_426\askue\lpc812-workspace\lpc_chip_8xx\Debug\liblpc_chip_8xx.a(clock_8xx.o) (__aeabi_uidiv)
c:/nxp/lpcxpresso_7.8.0_426/lpcxpresso/tools/bin/../lib/gcc/arm-none-eabi/4.9.3/armv6-m\libgcc.a(_dvmd_tls.o)
                              c:/nxp/lpcxpresso_7.8.0_426/lpcxpresso/tools/bin/../lib/gcc/arm-none-eabi/4.9.3/armv6-m\libgcc.a(_udivsi3.o) (__aeabi_idiv0)
c:/nxp/lpcxpresso_7.8.0_426/lpcxpresso/tools/bin/../lib/gcc/arm-none-eabi/4.9.3/armv6-m\libgcc.a(_aeabi_uldivmod.o)
                              C:\Users\Dmitry\Documents\LPCXpresso_7.8.0_426\askue\lpc812-workspace\lpc_chip_8xx\Debug\liblpc_chip_8xx.a(clock_8xx.o) (__aeabi_uldivmod)
c:/nxp/lpcxpresso_7.8.0_426/lpcxpresso/tools/bin/../lib/gcc/arm-none-eabi/4.9.3/armv6-m\libgcc.a(bpabi.o)
                              c:/nxp/lpcxpresso_7.8.0_426/lpcxpresso/tools/bin/../lib/gcc/arm-none-eabi/4.9.3/armv6-m\libgcc.a(_aeabi_uldivmod.o) (__gnu_uldivmod_helper)
c:/nxp/lpcxpresso_7.8.0_426/lpcxpresso/tools/bin/../lib/gcc/arm-none-eabi/4.9.3/armv6-m\libgcc.a(_muldi3.o)
                              c:/nxp/lpcxpresso_7.8.0_426/lpcxpresso/tools/bin/../lib/gcc/arm-none-eabi/4.9.3/armv6-m\libgcc.a(bpabi.o) (__aeabi_lmul)
c:/nxp/lpcxpresso_7.8.0_426/lpcxpresso/tools/bin/../lib/gcc/arm-none-eabi/4.9.3/armv6-m\libgcc.a(_divdi3.o)
                              c:/nxp/lpcxpresso_7.8.0_426/lpcxpresso/tools/bin/../lib/gcc/arm-none-eabi/4.9.3/armv6-m\libgcc.a(bpabi.o) (__divdi3)
c:/nxp/lpcxpresso_7.8.0_426/lpcxpresso/tools/bin/../lib/gcc/arm-none-eabi/4.9.3/armv6-m\libgcc.a(_udivdi3.o)
                              c:/nxp/lpcxpresso_7.8.0_426/lpcxpresso/tools/bin/../lib/gcc/arm-none-eabi/4.9.3/armv6-m\libgcc.a(bpabi.o) (__udivdi3)
c:/nxp/lpcxpresso_7.8.0_426/lpcxpresso/tools/bin/../lib/gcc/arm-none-eabi/4.9.3/armv6-m\libgcc.a(_clzdi2.o)
                              c:/nxp/lpcxpresso_7.8.0_426/lpcxpresso/tools/bin/../lib/gcc/arm-none-eabi/4.9.3/armv6-m\libgcc.a(_divdi3.o) (__clzdi2)
c:/nxp/lpcxpresso_7.8.0_426/lpcxpresso/tools/bin/../lib/gcc/arm-none-eabi/4.9.3/armv6-m\libgcc.a(_clzsi2.o)
                              c:/nxp/lpcxpresso_7.8.0_426/lpcxpresso/tools/bin/../lib/gcc/arm-none-eabi/4.9.3/armv6-m\libgcc.a(_clzdi2.o) (__clzsi2)
c:/nxp/lpcxpresso_7.8.0_426/lpcxpresso/tools/bin/../lib/gcc/arm-none-eabi/4.9.3/../../../../arm-none-eabi/lib/armv6-m\libc.a(lib_a-atoi.o)
                              ./src/utils.o (atoi)
c:/nxp/lpcxpresso_7.8.0_426/lpcxpresso/tools/bin/../lib/gcc/arm-none-eabi/4.9.3/../../../../arm-none-eabi/lib/armv6-m\libc.a(lib_a-init.o)
                              ./src/cr_startup_lpc8xx.o (__libc_init_array)
c:/nxp/lpcxpresso_7.8.0_426/lpcxpresso/tools/bin/../lib/gcc/arm-none-eabi/4.9.3/../../../../arm-none-eabi/lib/armv6-m\libc.a(lib_a-itoa.o)
                              ./src/utils.o (itoa)
c:/nxp/lpcxpresso_7.8.0_426/lpcxpresso/tools/bin/../lib/gcc/arm-none-eabi/4.9.3/../../../../arm-none-eabi/lib/armv6-m\libc.a(lib_a-malloc.o)
                              ./src/cr_cpp_config.o (malloc)
[...]
Memory Configuration

Name             Origin             Length             Attributes
MFlash16         0x00000000         0x00004000         xr
RamLoc4          0x10000000         0x00001000         xrw
*default*        0x00000000         0xffffffff

Linker script and memory map

LOAD ./src/cr_cpp_config.o
LOAD ./src/cr_startup_lpc8xx.o
LOAD ./src/crp.o
LOAD ./src/main.o
LOAD ./src/mtb.o
LOAD ./src/utils.o
LOAD C:\Users\Dmitry\Documents\LPCXpresso_7.8.0_426\askue\lpc812-workspace\lpc_chip_8xx\Debug\liblpc_chip_8xx.a
START GROUP
LOAD c:/nxp/lpcxpresso_7.8.0_426/lpcxpresso/tools/bin/../lib/gcc/arm-none-eabi/4.9.3/armv6-m\libgcc.a
LOAD c:/nxp/lpcxpresso_7.8.0_426/lpcxpresso/tools/bin/../lib/gcc/arm-none-eabi/4.9.3/../../../../arm-none-eabi/lib/armv6-m\libc.a
LOAD c:/nxp/lpcxpresso_7.8.0_426/lpcxpresso/tools/bin/../lib/gcc/arm-none-eabi/4.9.3/../../../../arm-none-eabi/lib/armv6-m\libstdc++.a
LOAD c:/nxp/lpcxpresso_7.8.0_426/lpcxpresso/tools/bin/../lib/gcc/arm-none-eabi/4.9.3/../../../../arm-none-eabi/lib/armv6-m\libm.a
LOAD c:/nxp/lpcxpresso_7.8.0_426/lpcxpresso/tools/bin/../lib/gcc/arm-none-eabi/4.9.3/../../../../arm-none-eabi/lib/armv6-m\libcr_newlib_nohost.a
LOAD c:/nxp/lpcxpresso_7.8.0_426/lpcxpresso/tools/bin/../lib/gcc/arm-none-eabi/4.9.3/armv6-m\crti.o
LOAD c:/nxp/lpcxpresso_7.8.0_426/lpcxpresso/tools/bin/../lib/gcc/arm-none-eabi/4.9.3/armv6-m\crtn.o
LOAD c:/nxp/lpcxpresso_7.8.0_426/lpcxpresso/tools/bin/../lib/gcc/arm-none-eabi/4.9.3/armv6-m\crtbegin.o
LOAD c:/nxp/lpcxpresso_7.8.0_426/lpcxpresso/tools/bin/../lib/gcc/arm-none-eabi/4.9.3/armv6-m\crtend.o
END GROUP
                0x00004000                __top_MFlash16 = 0x4000
                0x10001000                __top_RamLoc4 = 0x10001000

.text           0x00000000     0x288c
 FILL mask 0xff
                0x00000000                __vectors_start__ = ABSOLUTE (.)
 *(.isr_vector)
 .isr_vector    0x00000000       0xc0 ./src/cr_startup_lpc8xx.o
                0x00000000                g_pfnVectors
                0x000000c0                . = ALIGN (0x4)
                0x000000c0                __section_table_start = .
                0x000000c0                __data_section_table = .
                0x000000c0        0x4 LONG 0x2894 LOADADDR (.data)
                0x000000c4        0x4 LONG 0x10000000 ADDR (.data)
                0x000000c8        0x4 LONG 0x434 SIZEOF (.data)
                0x000000cc                __data_section_table_end = .
                0x000000cc                __bss_section_table = .
                0x000000cc        0x4 LONG 0x10000434 ADDR (.bss)
                0x000000d0        0x4 LONG 0x3e0 SIZEOF (.bss)
                0x000000d4                __bss_section_table_end = .
                0x000000d4                __section_table_end = .
 *(.after_vectors*)
 .after_vectors
                0x000000d4       0x74 ./src/cr_startup_lpc8xx.o
                0x000000d4                NMI_Handler
                0x000000d6                HardFault_Handler
                0x000000d8                SVC_Handler
                0x000000da                PendSV_Handler
                0x000000dc                SysTick_Handler
                0x000000de                PININT1_IRQHandler
                0x000000de                PININT7_IRQHandler
                0x000000de                PININT2_IRQHandler
                0x000000de                WKT_IRQHandler
                0x000000de                MRT_IRQHandler
                0x000000de                UART0_IRQHandler
                0x000000de                SPI1_IRQHandler
                0x000000de                IntDefaultHandler
                0x000000de                PININT3_IRQHandler
                0x000000de                UART2_IRQHandler
                0x000000de                PININT5_IRQHandler
                0x000000de                PININT4_IRQHandler
                0x000000de                SPI0_IRQHandler
                0x000000de                PININT0_IRQHandler
                0x000000de                BOD_IRQHandler
                0x000000de                SCT_IRQHandler
                0x000000de                I2C_IRQHandler
                0x000000de                PININT6_IRQHandler
                0x000000de                WDT_IRQHandler
                0x000000de                CMP_IRQHandler
                0x000000e0                data_init(unsigned int, unsigned int, unsigned int)
                0x000000f2                bss_init(unsigned int, unsigned int)
                0x00000102                ResetISR
 *(.text*)
 .text._Z9vUartTaskv
                0x00000148       0xa4 ./src/main.o
                0x00000148                vUartTask()
 .text.startup.main
                0x000001ec       0x88 ./src/main.o
                0x000001ec                main
 .text.UART1_IRQHandler
                0x00000274       0x38 ./src/main.o
                0x00000274                UART1_IRQHandler
 .text._Z10uartPrintfP11LPC_USART_TPKc
                0x000002ac       0x18 ./src/utils.o
                0x000002ac                uartPrintf(LPC_USART_T*, char const*)
 .text._Z16prvSetupHardwarev
                0x000002c4      0x170 ./src/utils.o
                0x000002c4                prvSetupHardware()
 .text._Z15prepareHtmlDatav
                0x00000434      0x110 ./src/utils.o
                0x00000434                prepareHtmlData()
 .text._Z12parseHttpReqPc
                0x00000544       0x5c ./src/utils.o
                0x00000544                parseHttpReq(char*)
 .text._Z8parseIPDPcPhPs
                0x000005a0       0xdc ./src/utils.o
                0x000005a0                parseIPD(char*, unsigned char*, short*)
 .text._Z10parseCIFSRPc
                0x0000067c       0x9c ./src/utils.o
                0x0000067c                parseCIFSR(char*)
 .text._Z10parseCWLAPPc
                0x00000718       0x70 ./src/utils.o
                0x00000718                parseCWLAP(char*)
 .text._Z12parseCommandR8TCmdTypePc
                0x00000788      0x1b0 ./src/utils.o
                0x00000788                parseCommand(TCmdType&, char*)
 .text._Z10processMsg8TCmdTypet
                0x00000938      0x428 ./src/utils.o
                0x00000938                processMsg(TCmdType, unsigned short)
 .text.SystemCoreClockUpdate
                0x00000d60       0x10 C:\Users\Dmitry\Documents\LPCXpresso_7.8.0_426\askue\lpc812-workspace\lpc_chip_8xx\Debug\liblpc_chip_8xx.a(chip_8xx.o)
                0x00000d60                SystemCoreClockUpdate
 .text.Chip_Clock_SetSystemPLLSource
                0x00000d70       0x14 C:\Users\Dmitry\Documents\LPCXpresso_7.8.0_426\askue\lpc812-workspace\lpc_chip_8xx\Debug\liblpc_chip_8xx.a(clock_8xx.o)
                0x00000d70                Chip_Clock_SetSystemPLLSource
 .text.Chip_Clock_SetMainClockSource
                0x00000d84       0x14 C:\Users\Dmitry\Documents\LPCXpresso_7.8.0_426\askue\lpc812-workspace\lpc_chip_8xx\Debug\liblpc_chip_8xx.a(clock_8xx.o)
                0x00000d84                Chip_Clock_SetMainClockSource
 .text.Chip_Clock_GetWDTOSCRate
                0x00000d98       0x28 C:\Users\Dmitry\Documents\LPCXpresso_7.8.0_426\askue\lpc812-workspace\lpc_chip_8xx\Debug\liblpc_chip_8xx.a(clock_8xx.o)
                0x00000d98                Chip_Clock_GetWDTOSCRate
 .text.Chip_Clock_GetSystemPLLInClockRate
                0x00000dc0       0x34 C:\Users\Dmitry\Documents\LPCXpresso_7.8.0_426\askue\lpc812-workspace\lpc_chip_8xx\Debug\liblpc_chip_8xx.a(clock_8xx.o)
                0x00000dc0                Chip_Clock_GetSystemPLLInClockRate
 .text.Chip_Clock_GetSystemPLLOutClockRate
                0x00000df4       0x18 C:\Users\Dmitry\Documents\LPCXpresso_7.8.0_426\askue\lpc812-workspace\lpc_chip_8xx\Debug\liblpc_chip_8xx.a(clock_8xx.o)
                0x00000df4                Chip_Clock_GetSystemPLLOutClockRate
 .text.Chip_Clock_GetMainClockRate
                0x00000e0c       0x34 C:\Users\Dmitry\Documents\LPCXpresso_7.8.0_426\askue\lpc812-workspace\lpc_chip_8xx\Debug\liblpc_chip_8xx.a(clock_8xx.o)
                0x00000e0c                Chip_Clock_GetMainClockRate
 .text.Chip_Clock_GetSystemClockRate
                0x00000e40       0x18 C:\Users\Dmitry\Documents\LPCXpresso_7.8.0_426\askue\lpc812-workspace\lpc_chip_8xx\Debug\liblpc_chip_8xx.a(clock_8xx.o)
                0x00000e40                Chip_Clock_GetSystemClockRate
 .text.Chip_Clock_GetUSARTNBaseClockRate
                0x00000e58       0x48 C:\Users\Dmitry\Documents\LPCXpresso_7.8.0_426\askue\lpc812-workspace\lpc_chip_8xx\Debug\liblpc_chip_8xx.a(clock_8xx.o)
                0x00000e58                Chip_Clock_GetUSARTNBaseClockRate
 .text.Chip_Clock_SetUSARTNBaseClockRate
                0x00000ea0       0x74 C:\Users\Dmitry\Documents\LPCXpresso_7.8.0_426\askue\lpc812-workspace\lpc_chip_8xx\Debug\liblpc_chip_8xx.a(clock_8xx.o)
                0x00000ea0                Chip_Clock_SetUSARTNBaseClockRate
 .text.Chip_GPIO_Init
                0x00000f14       0x14 C:\Users\Dmitry\Documents\LPCXpresso_7.8.0_426\askue\lpc812-workspace\lpc_chip_8xx\Debug\liblpc_chip_8xx.a(gpio_8xx.o)
                0x00000f14                Chip_GPIO_Init
 .text.RingBuffer_Init
                0x00000f28       0x10 C:\Users\Dmitry\Documents\LPCXpresso_7.8.0_426\askue\lpc812-workspace\lpc_chip_8xx\Debug\liblpc_chip_8xx.a(ring_buffer.o)
                0x00000f28                RingBuffer_Init
 .text.RingBuffer_Insert
                0x00000f38       0x30 C:\Users\Dmitry\Documents\LPCXpresso_7.8.0_426\askue\lpc812-workspace\lpc_chip_8xx\Debug\liblpc_chip_8xx.a(ring_buffer.o)
                0x00000f38                RingBuffer_Insert
 .text.RingBuffer_Pop
                0x00000f68       0x30 C:\Users\Dmitry\Documents\LPCXpresso_7.8.0_426\askue\lpc812-workspace\lpc_chip_8xx\Debug\liblpc_chip_8xx.a(ring_buffer.o)
                0x00000f68                RingBuffer_Pop
 .text.Chip_SWM_MovablePinAssign
                0x00000f98       0x28 C:\Users\Dmitry\Documents\LPCXpresso_7.8.0_426\askue\lpc812-workspace\lpc_chip_8xx\Debug\liblpc_chip_8xx.a(swm_8xx.o)
                0x00000f98                Chip_SWM_MovablePinAssign
 .text.Chip_SYSCTL_PowerDown
                0x00000fc0       0x24 C:\Users\Dmitry\Documents\LPCXpresso_7.8.0_426\askue\lpc812-workspace\lpc_chip_8xx\Debug\liblpc_chip_8xx.a(syscon_8xx.o)
                0x00000fc0                Chip_SYSCTL_PowerDown
 .text.Chip_SYSCTL_PowerUp
                0x00000fe4       0x28 C:\Users\Dmitry\Documents\LPCXpresso_7.8.0_426\askue\lpc812-workspace\lpc_chip_8xx\Debug\liblpc_chip_8xx.a(syscon_8xx.o)
                0x00000fe4                Chip_SYSCTL_PowerUp
 .text.Chip_SetupIrcClocking
                0x0000100c       0x44 C:\Users\Dmitry\Documents\LPCXpresso_7.8.0_426\askue\lpc812-workspace\lpc_chip_8xx\Debug\liblpc_chip_8xx.a(sysinit_8xx.o)
                0x0000100c                Chip_SetupIrcClocking
 .text.Chip_SystemInit
                0x00001050        0x8 C:\Users\Dmitry\Documents\LPCXpresso_7.8.0_426\askue\lpc812-workspace\lpc_chip_8xx\Debug\liblpc_chip_8xx.a(sysinit_8xx.o)
                0x00001050                Chip_SystemInit
 .text.Chip_UART_Init
                0x00001058       0x8c C:\Users\Dmitry\Documents\LPCXpresso_7.8.0_426\askue\lpc812-workspace\lpc_chip_8xx\Debug\liblpc_chip_8xx.a(uart_8xx.o)
                0x00001058                Chip_UART_Init
 .text.Chip_UART_Send
                0x000010e4       0x1a C:\Users\Dmitry\Documents\LPCXpresso_7.8.0_426\askue\lpc812-workspace\lpc_chip_8xx\Debug\liblpc_chip_8xx.a(uart_8xx.o)
                0x000010e4                Chip_UART_Send
 .text.Chip_UART_SendBlocking
                0x000010fe       0x24 C:\Users\Dmitry\Documents\LPCXpresso_7.8.0_426\askue\lpc812-workspace\lpc_chip_8xx\Debug\liblpc_chip_8xx.a(uart_8xx.o)
                0x000010fe                Chip_UART_SendBlocking
 .text.Chip_UART_SetBaud
                0x00001122       0x16 C:\Users\Dmitry\Documents\LPCXpresso_7.8.0_426\askue\lpc812-workspace\lpc_chip_8xx\Debug\liblpc_chip_8xx.a(uart_8xx.o)
                0x00001122                Chip_UART_SetBaud
 .text          0x00001138       0x14 c:/nxp/lpcxpresso_7.8.0_426/lpcxpresso/tools/bin/../lib/gcc/arm-none-eabi/4.9.3/armv6-m\libgcc.a(_thumb1_case_uhi.o)
                0x00001138                __gnu_thumb1_case_uhi
 .text          0x0000114c      0x120 c:/nxp/lpcxpresso_7.8.0_426/lpcxpresso/tools/bin/../lib/gcc/arm-none-eabi/4.9.3/armv6-m\libgcc.a(_udivsi3.o)
                0x0000114c                __aeabi_uidiv
                0x0000114c                __udivsi3
                0x00001258                __aeabi_uidivmod
 .text          0x0000126c        0x4 c:/nxp/lpcxpresso_7.8.0_426/lpcxpresso/tools/bin/../lib/gcc/arm-none-eabi/4.9.3/armv6-m\libgcc.a(_dvmd_tls.o)
                0x0000126c                __aeabi_idiv0
                0x0000126c                __aeabi_ldiv0
 .text          0x00001270       0x40 c:/nxp/lpcxpresso_7.8.0_426/lpcxpresso/tools/bin/../lib/gcc/arm-none-eabi/4.9.3/armv6-m\libgcc.a(_aeabi_uldivmod.o)
                0x00001270                __aeabi_uldivmod
 .text          0x000012b0       0x6c c:/nxp/lpcxpresso_7.8.0_426/lpcxpresso/tools/bin/../lib/gcc/arm-none-eabi/4.9.3/armv6-m\libgcc.a(bpabi.o)
                0x000012b0                __gnu_ldivmod_helper
                0x000012e8                __gnu_uldivmod_helper
 .text          0x0000131c       0x54 c:/nxp/lpcxpresso_7.8.0_426/lpcxpresso/tools/bin/../lib/gcc/arm-none-eabi/4.9.3/armv6-m\libgcc.a(_muldi3.o)
                0x0000131c                __muldi3
                0x0000131c                __aeabi_lmul
 .text          0x00001370      0x1f0 c:/nxp/lpcxpresso_7.8.0_426/lpcxpresso/tools/bin/../lib/gcc/arm-none-eabi/4.9.3/armv6-m\libgcc.a(_divdi3.o)
                0x00001370                __divdi3
 .text          0x00001560      0x158 c:/nxp/lpcxpresso_7.8.0_426/lpcxpresso/tools/bin/../lib/gcc/arm-none-eabi/4.9.3/armv6-m\libgcc.a(_udivdi3.o)
                0x00001560                __udivdi3
 .text          0x000016b8       0x18 c:/nxp/lpcxpresso_7.8.0_426/lpcxpresso/tools/bin/../lib/gcc/arm-none-eabi/4.9.3/armv6-m\libgcc.a(_clzdi2.o)
                0x000016b8                __clzdi2
 .text          0x000016d0       0x3c c:/nxp/lpcxpresso_7.8.0_426/lpcxpresso/tools/bin/../lib/gcc/arm-none-eabi/4.9.3/armv6-m\libgcc.a(_clzsi2.o)
                0x000016d0                __clzsi2
 .text.atoi     0x0000170c        0xc c:/nxp/lpcxpresso_7.8.0_426/lpcxpresso/tools/bin/../lib/gcc/arm-none-eabi/4.9.3/../../../../arm-none-eabi/lib/armv6-m\libc.a(lib_a-atoi.o)
                0x0000170c                atoi
 .text.__libc_init_array
                0x00001718       0x48 c:/nxp/lpcxpresso_7.8.0_426/lpcxpresso/tools/bin/../lib/gcc/arm-none-eabi/4.9.3/../../../../arm-none-eabi/lib/armv6-m\libc.a(lib_a-init.o)
                0x00001718                __libc_init_array
 .text.__itoa   0x00001760       0x30 c:/nxp/lpcxpresso_7.8.0_426/lpcxpresso/tools/bin/../lib/gcc/arm-none-eabi/4.9.3/../../../../arm-none-eabi/lib/armv6-m\libc.a(lib_a-itoa.o)
                0x00001760                __itoa
 .text.itoa     0x00001790        0x8 c:/nxp/lpcxpresso_7.8.0_426/lpcxpresso/tools/bin/../lib/gcc/arm-none-eabi/4.9.3/../../../../arm-none-eabi/lib/armv6-m\libc.a(lib_a-itoa.o)
                0x00001790                itoa
 .text.memcmp   0x00001798       0x50 c:/nxp/lpcxpresso_7.8.0_426/lpcxpresso/tools/bin/../lib/gcc/arm-none-eabi/4.9.3/../../../../arm-none-eabi/lib/armv6-m\libc.a(lib_a-memcmp.o)
                0x00001798                memcmp
 .text.memcpy   0x000017e8       0x7c c:/nxp/lpcxpresso_7.8.0_426/lpcxpresso/tools/bin/../lib/gcc/arm-none-eabi/4.9.3/../../../../arm-none-eabi/lib/armv6-m\libc.a(lib_a-memcpy.o)
                0x000017e8                memcpy
 .text.strcat   0x00001864       0x50 c:/nxp/lpcxpresso_7.8.0_426/lpcxpresso/tools/bin/../lib/gcc/arm-none-eabi/4.9.3/../../../../arm-none-eabi/lib/armv6-m\libc.a(lib_a-strcat.o)
                0x00001864                strcat
 .text          0x000018b4       0x88 c:/nxp/lpcxpresso_7.8.0_426/lpcxpresso/tools/bin/../lib/gcc/arm-none-eabi/4.9.3/../../../../arm-none-eabi/lib/armv6-m\libc.a(lib_a-strcmp.o)
                0x000018b4                strcmp
 .text.strcpy   0x0000193c       0x10 c:/nxp/lpcxpresso_7.8.0_426/lpcxpresso/tools/bin/../lib/gcc/arm-none-eabi/4.9.3/../../../../arm-none-eabi/lib/armv6-m\libc.a(lib_a-strcpy.o)
                0x0000193c                strcpy
 .text.strlen   0x0000194c       0x68 c:/nxp/lpcxpresso_7.8.0_426/lpcxpresso/tools/bin/../lib/gcc/arm-none-eabi/4.9.3/../../../../arm-none-eabi/lib/armv6-m\libc.a(lib_a-strlen.o)
                0x0000194c                strlen
 .text.strtok   0x000019b4       0x14 c:/nxp/lpcxpresso_7.8.0_426/lpcxpresso/tools/bin/../lib/gcc/arm-none-eabi/4.9.3/../../../../arm-none-eabi/lib/armv6-m\libc.a(lib_a-strtok.o)
                0x000019b4                strtok
 .text.__strtok_r
                0x000019c8       0x64 c:/nxp/lpcxpresso_7.8.0_426/lpcxpresso/tools/bin/../lib/gcc/arm-none-eabi/4.9.3/../../../../arm-none-eabi/lib/armv6-m\libc.a(lib_a-strtok_r.o)
                0x000019c8                __strtok_r
 .text._strtol_r
                0x00001a2c      0x16c c:/nxp/lpcxpresso_7.8.0_426/lpcxpresso/tools/bin/../lib/gcc/arm-none-eabi/4.9.3/../../../../arm-none-eabi/lib/armv6-m\libc.a(lib_a-strtol.o)
                0x00001a2c                _strtol_r
 .text.strtol   0x00001b98       0x1c c:/nxp/lpcxpresso_7.8.0_426/lpcxpresso/tools/bin/../lib/gcc/arm-none-eabi/4.9.3/../../../../arm-none-eabi/lib/armv6-m\libc.a(lib_a-strtol.o)
                0x00001b98                strtol
 .text.__utoa   0x00001bb4       0x8c c:/nxp/lpcxpresso_7.8.0_426/lpcxpresso/tools/bin/../lib/gcc/arm-none-eabi/4.9.3/../../../../arm-none-eabi/lib/armv6-m\libc.a(lib_a-utoa.o)
                0x00001bb4                __utoa
 .text          0x00001c40       0x60 c:/nxp/lpcxpresso_7.8.0_426/lpcxpresso/tools/bin/../lib/gcc/arm-none-eabi/4.9.3/armv6-m\crtbegin.o
 *(.rodata .rodata.* .constdata .constdata.*)
 .rodata.str1.1
                0x00001ca0       0x48 ./src/main.o
                                 0x4b (size before relaxing)
 .rodata.OscRateIn
                0x00001ce8        0x4 ./src/utils.o
                0x00001ce8                OscRateIn
 .rodata.ExtRateIn
                0x00001cec        0x4 ./src/utils.o
                0x00001cec                ExtRateIn
 .rodata.str1.1
                0x00001cf0      0x498 ./src/utils.o
                                0x4a4 (size before relaxing)
 .rodata.$text  0x00002188      0x578 ./src/utils.o
                0x00002188                htmlPart1
                0x000026ef                htmlPart2
 .rodata.wdtOSCRate
                0x00002700       0x40 C:\Users\Dmitry\Documents\LPCXpresso_7.8.0_426\askue\lpc812-workspace\lpc_chip_8xx\Debug\liblpc_chip_8xx.a(clock_8xx.o)
 .rodata.str1.4
                0x00002740       0x25 c:/nxp/lpcxpresso_7.8.0_426/lpcxpresso/tools/bin/../lib/gcc/arm-none-eabi/4.9.3/../../../../arm-none-eabi/lib/armv6-m\libc.a(lib_a-utoa.o)
                                 0x28 (size before relaxing)
 *fill*         0x00002765        0x3 
 .rodata._ctype_
                0x00002768      0x104 c:/nxp/lpcxpresso_7.8.0_426/lpcxpresso/tools/bin/../lib/gcc/arm-none-eabi/4.9.3/../../../../arm-none-eabi/lib/armv6-m\libc.a(lib_a-ctype_.o)
                0x00002768                _ctype_
 .rodata.str1.4
                0x0000286c        0x4 c:/nxp/lpcxpresso_7.8.0_426/lpcxpresso/tools/bin/../lib/gcc/arm-none-eabi/4.9.3/../../../../arm-none-eabi/lib/armv6-m\libc.a(lib_a-impure.o)
                0x00002870                . = ALIGN (0x4)
                0x00002870                . = ALIGN (0x4)
 *(.init)
 .init          0x00002870        0x4 c:/nxp/lpcxpresso_7.8.0_426/lpcxpresso/tools/bin/../lib/gcc/arm-none-eabi/4.9.3/armv6-m\crti.o
                0x00002870                _init
 .init          0x00002874        0x8 c:/nxp/lpcxpresso_7.8.0_426/lpcxpresso/tools/bin/../lib/gcc/arm-none-eabi/4.9.3/armv6-m\crtn.o
                0x0000287c                . = ALIGN (0x4)
                0x0000287c                __preinit_array_start = .
 *(.preinit_array)
                0x0000287c                __preinit_array_end = .
                0x0000287c                . = ALIGN (0x4)
                0x0000287c                __init_array_start = .
 *(SORT(.init_array.*))
 *(.init_array)
 .init_array    0x0000287c        0x4 c:/nxp/lpcxpresso_7.8.0_426/lpcxpresso/tools/bin/../lib/gcc/arm-none-eabi/4.9.3/armv6-m\crtbegin.o
                0x00002880                __init_array_end = .
 *(.fini)
 .fini          0x00002880        0x4 c:/nxp/lpcxpresso_7.8.0_426/lpcxpresso/tools/bin/../lib/gcc/arm-none-eabi/4.9.3/armv6-m\crti.o
                0x00002880                _fini
 .fini          0x00002884        0x8 c:/nxp/lpcxpresso_7.8.0_426/lpcxpresso/tools/bin/../lib/gcc/arm-none-eabi/4.9.3/armv6-m\crtn.o
                0x0000288c                . = ALIGN (0x4)
 *crtbegin.o(.ctors)
 *(EXCLUDE_FILE(*crtend.o) .ctors)
 *(SORT(.ctors.*))
 *crtend.o(.ctors)
                0x0000288c                . = ALIGN (0x4)
 *crtbegin.o(.dtors)
 *(EXCLUDE_FILE(*crtend.o) .dtors)
 *(SORT(.dtors.*))
 *crtend.o(.dtors)
                0x0000288c                . = ALIGN (0x4)

.glue_7         0x0000288c        0x0
 .glue_7        0x00000000        0x0 linker stubs

.glue_7t        0x0000288c        0x0
 .glue_7t       0x00000000        0x0 linker stubs

.vfp11_veneer   0x0000288c        0x0
 .vfp11_veneer  0x00000000        0x0 linker stubs

.v4_bx          0x0000288c        0x0
 .v4_bx         0x00000000        0x0 linker stubs

.iplt           0x0000288c        0x0
 .iplt          0x00000000        0x0 ./src/cr_cpp_config.o

.ARM.extab
 *(.ARM.extab* .gnu.linkonce.armextab.*)
                0x0000288c                __exidx_start = .

.ARM.exidx      0x0000288c        0x8
 *(.ARM.exidx* .gnu.linkonce.armexidx.*)
 .ARM.exidx     0x0000288c        0x8 c:/nxp/lpcxpresso_7.8.0_426/lpcxpresso/tools/bin/../lib/gcc/arm-none-eabi/4.9.3/armv6-m\libgcc.a(_divdi3.o)
 .ARM.exidx     0x00002894        0x0 c:/nxp/lpcxpresso_7.8.0_426/lpcxpresso/tools/bin/../lib/gcc/arm-none-eabi/4.9.3/armv6-m\libgcc.a(_udivdi3.o)
                                  0x8 (size before relaxing)
                0x00002894                __exidx_end = .
                0x00002894                _etext = .

.rel.dyn        0x00002894        0x0
 .rel.iplt      0x00000000        0x0 ./src/cr_cpp_config.o

.eh_frame       0x00002894        0x0
 .eh_frame      0x00002894        0x0 c:/nxp/lpcxpresso_7.8.0_426/lpcxpresso/tools/bin/../lib/gcc/arm-none-eabi/4.9.3/armv6-m\crtbegin.o

.mtb_buffer_default
 *(.mtb*)

.uninit_RESERVED
                0x10000000        0x0
 *(.bss.$RESERVED*)
                0x10000000                . = ALIGN (0x4)
                0x10000000                _end_uninit_RESERVED = .

.data           0x10000000      0x434 load address 0x00002894
 FILL mask 0xff
                0x10000000                _data = .
 *(vtable)
 *(.ramfunc*)
 *(.data*)
 .data._ZZ10processMsg8TCmdTypetE6eState
                0x10000000        0x1 ./src/utils.o
 *fill*         0x10000001        0x3 
 .data.__ctype_ptr__
                0x10000004        0x4 c:/nxp/lpcxpresso_7.8.0_426/lpcxpresso/tools/bin/../lib/gcc/arm-none-eabi/4.9.3/../../../../arm-none-eabi/lib/armv6-m\libc.a(lib_a-ctype_.o)
                0x10000004                __ctype_ptr__
 .data.impure_data
                0x10000008      0x428 c:/nxp/lpcxpresso_7.8.0_426/lpcxpresso/tools/bin/../lib/gcc/arm-none-eabi/4.9.3/../../../../arm-none-eabi/lib/armv6-m\libc.a(lib_a-impure.o)
 .data._impure_ptr
                0x10000430        0x4 c:/nxp/lpcxpresso_7.8.0_426/lpcxpresso/tools/bin/../lib/gcc/arm-none-eabi/4.9.3/../../../../arm-none-eabi/lib/armv6-m\libc.a(lib_a-impure.o)
                0x10000430                _impure_ptr
                0x10000434                . = ALIGN (0x4)
                0x10000434                _edata = .

.igot.plt       0x10000434        0x0 load address 0x00002cc8
 .igot.plt      0x00000000        0x0 ./src/cr_cpp_config.o

.jcr            0x10000434        0x0 load address 0x00002cc8
 .jcr           0x10000434        0x0 c:/nxp/lpcxpresso_7.8.0_426/lpcxpresso/tools/bin/../lib/gcc/arm-none-eabi/4.9.3/armv6-m\crtbegin.o

.bss            0x10000434      0x3e0 load address 0x00002cc8
                0x10000434                _bss = .
 *(.bss*)
 .bss.rxring    0x10000434       0x14 ./src/main.o
                0x10000434                rxring
 .bss._ZZ9vUartTaskvE11tempRecvBuf
                0x10000448      0x100 ./src/main.o
 .bss.errword   0x10000548        0x1 ./src/main.o
                0x10000548                errword
 .bss._ZZ9vUartTaskvE14tempRecvBufInd
                0x10000549        0x1 ./src/main.o
 *fill*         0x1000054a        0x2 
 .bss._ZZ4mainE1i
                0x1000054c        0x4 ./src/main.o
 .bss.STAPIP    0x10000550       0x14 ./src/utils.o
                0x10000550                STAPIP
 .bss.htmlReqType
                0x10000564        0x1 ./src/utils.o
                0x10000564                htmlReqType
 .bss.APIP      0x10000565       0x14 ./src/utils.o
                0x10000565                APIP
 .bss.curConnInd
                0x10000579        0x1 ./src/utils.o
                0x10000579                curConnInd
 .bss.wifiApList
                0x1000057a      0x276 ./src/utils.o
                0x1000057a                wifiApList
 .bss._ZZ10parseCWLAPPcE9wifiApInd
                0x100007f0        0x1 ./src/utils.o
 *fill*         0x100007f1        0x1 
 .bss.msgLength
                0x100007f2        0x2 ./src/utils.o
                0x100007f2                msgLength
 .bss           0x100007f4       0x1c c:/nxp/lpcxpresso_7.8.0_426/lpcxpresso/tools/bin/../lib/gcc/arm-none-eabi/4.9.3/armv6-m\crtbegin.o
 *(COMMON)
 COMMON         0x10000810        0x4 C:\Users\Dmitry\Documents\LPCXpresso_7.8.0_426\askue\lpc812-workspace\lpc_chip_8xx\Debug\liblpc_chip_8xx.a(chip_8xx.o)
                0x10000810                SystemCoreClock
                0x10000814                . = ALIGN (0x4)
                0x10000814                _ebss = .
                0x10000814                PROVIDE (end, .)

.noinit         0x10000814      0x7e8 load address 0x00002cc8
                0x10000814                _noinit = .
 *(.noinit*)
 .noinit        0x10000814      0x400 ./src/main.o
                0x10000814                rxbuff
 .noinit        0x10000c14      0x3e8 ./src/utils.o
                0x10000c14                htmlBody
                0x10000ffc                . = ALIGN (0x4)
                0x10000ffc                _end_noinit = .
                0x10000ffc                PROVIDE (_pvHeapStart, DEFINED (__user_heap_base)?__user_heap_base:.)
                0x10001000                PROVIDE (_vStackTop, DEFINED (__user_stack_top)?__user_stack_top:(__top_RamLoc4 - 0x0))
OUTPUT(lpc812-registr.axf elf32-littlearm)

.debug_info     0x00000000     0x6d44
 .debug_info    0x00000000      0x271 ./src/cr_startup_lpc8xx.o
 .debug_info    0x00000271      0x8a1 ./src/main.o
 .debug_info    0x00000b12     0x2b00 ./src/utils.o
 .debug_info    0x00003612       0xe7 C:\Users\Dmitry\Documents\LPCXpresso_7.8.0_426\askue\lpc812-workspace\lpc_chip_8xx\Debug\liblpc_chip_8xx.a(chip_8xx.o)
 .debug_info    0x000036f9      0xba3 C:\Users\Dmitry\Documents\LPCXpresso_7.8.0_426\askue\lpc812-workspace\lpc_chip_8xx\Debug\liblpc_chip_8xx.a(clock_8xx.o)
 .debug_info    0x0000429c      0x66e C:\Users\Dmitry\Documents\LPCXpresso_7.8.0_426\askue\lpc812-workspace\lpc_chip_8xx\Debug\liblpc_chip_8xx.a(gpio_8xx.o)
 .debug_info    0x0000490a      0x4a5 C:\Users\Dmitry\Documents\LPCXpresso_7.8.0_426\askue\lpc812-workspace\lpc_chip_8xx\Debug\liblpc_chip_8xx.a(ring_buffer.o)
 .debug_info    0x00004daf      0x375 C:\Users\Dmitry\Documents\LPCXpresso_7.8.0_426\askue\lpc812-workspace\lpc_chip_8xx\Debug\liblpc_chip_8xx.a(swm_8xx.o)
 .debug_info    0x00005124      0x493 C:\Users\Dmitry\Documents\LPCXpresso_7.8.0_426\askue\lpc812-workspace\lpc_chip_8xx\Debug\liblpc_chip_8xx.a(syscon_8xx.o)
 .debug_info    0x000055b7      0x7b5 C:\Users\Dmitry\Documents\LPCXpresso_7.8.0_426\askue\lpc812-workspace\lpc_chip_8xx\Debug\liblpc_chip_8xx.a(sysinit_8xx.o)
 .debug_info    0x00005d6c      0xfd8 C:\Users\Dmitry\Documents\LPCXpresso_7.8.0_426\askue\lpc812-workspace\lpc_chip_8xx\Debug\liblpc_chip_8xx.a(uart_8xx.o)

.debug_abbrev   0x00000000     0x1563
 .debug_abbrev  0x00000000      0x126 ./src/cr_startup_lpc8xx.o
 .debug_abbrev  0x00000126      0x27d ./src/main.o
 .debug_abbrev  0x000003a3      0x42e ./src/utils.o
 .debug_abbrev  0x000007d1       0x9b C:\Users\Dmitry\Documents\LPCXpresso_7.8.0_426\askue\lpc812-workspace\lpc_chip_8xx\Debug\liblpc_chip_8xx.a(chip_8xx.o)
 .debug_abbrev  0x0000086c      0x347 C:\Users\Dmitry\Documents\LPCXpresso_7.8.0_426\askue\lpc812-workspace\lpc_chip_8xx\Debug\liblpc_chip_8xx.a(clock_8xx.o)
 .debug_abbrev  0x00000bb3      0x134 C:\Users\Dmitry\Documents\LPCXpresso_7.8.0_426\askue\lpc812-workspace\lpc_chip_8xx\Debug\liblpc_chip_8xx.a(gpio_8xx.o)
 .debug_abbrev  0x00000ce7      0x184 C:\Users\Dmitry\Documents\LPCXpresso_7.8.0_426\askue\lpc812-workspace\lpc_chip_8xx\Debug\liblpc_chip_8xx.a(ring_buffer.o)
 .debug_abbrev  0x00000e6b      0x13c C:\Users\Dmitry\Documents\LPCXpresso_7.8.0_426\askue\lpc812-workspace\lpc_chip_8xx\Debug\liblpc_chip_8xx.a(swm_8xx.o)
 .debug_abbrev  0x00000fa7       0xdd C:\Users\Dmitry\Documents\LPCXpresso_7.8.0_426\askue\lpc812-workspace\lpc_chip_8xx\Debug\liblpc_chip_8xx.a(syscon_8xx.o)
 .debug_abbrev  0x00001084      0x1be C:\Users\Dmitry\Documents\LPCXpresso_7.8.0_426\askue\lpc812-workspace\lpc_chip_8xx\Debug\liblpc_chip_8xx.a(sysinit_8xx.o)
 .debug_abbrev  0x00001242      0x321 C:\Users\Dmitry\Documents\LPCXpresso_7.8.0_426\askue\lpc812-workspace\lpc_chip_8xx\Debug\liblpc_chip_8xx.a(uart_8xx.o)

.debug_loc      0x00000000     0x1a1a
 .debug_loc     0x00000000      0x1a4 ./src/cr_startup_lpc8xx.o
 .debug_loc     0x000001a4       0x2c ./src/main.o
 .debug_loc     0x000001d0      0x4c8 ./src/utils.o
 .debug_loc     0x00000698      0x32f C:\Users\Dmitry\Documents\LPCXpresso_7.8.0_426\askue\lpc812-workspace\lpc_chip_8xx\Debug\liblpc_chip_8xx.a(clock_8xx.o)
 .debug_loc     0x000009c7      0x63e C:\Users\Dmitry\Documents\LPCXpresso_7.8.0_426\askue\lpc812-workspace\lpc_chip_8xx\Debug\liblpc_chip_8xx.a(ring_buffer.o)
 .debug_loc     0x00001005      0x15f C:\Users\Dmitry\Documents\LPCXpresso_7.8.0_426\askue\lpc812-workspace\lpc_chip_8xx\Debug\liblpc_chip_8xx.a(swm_8xx.o)
 .debug_loc     0x00001164       0xbd C:\Users\Dmitry\Documents\LPCXpresso_7.8.0_426\askue\lpc812-workspace\lpc_chip_8xx\Debug\liblpc_chip_8xx.a(syscon_8xx.o)
 .debug_loc     0x00001221      0x7f9 C:\Users\Dmitry\Documents\LPCXpresso_7.8.0_426\askue\lpc812-workspace\lpc_chip_8xx\Debug\liblpc_chip_8xx.a(uart_8xx.o)

.debug_aranges  0x00000000      0x308
 .debug_aranges
                0x00000000       0x60 ./src/cr_startup_lpc8xx.o
 .debug_aranges
                0x00000060       0x30 ./src/main.o
 .debug_aranges
                0x00000090       0x68 ./src/utils.o
 .debug_aranges
                0x000000f8       0x20 C:\Users\Dmitry\Documents\LPCXpresso_7.8.0_426\askue\lpc812-workspace\lpc_chip_8xx\Debug\liblpc_chip_8xx.a(chip_8xx.o)
 .debug_aranges
                0x00000118       0x80 C:\Users\Dmitry\Documents\LPCXpresso_7.8.0_426\askue\lpc812-workspace\lpc_chip_8xx\Debug\liblpc_chip_8xx.a(clock_8xx.o)
 .debug_aranges
                0x00000198       0x28 C:\Users\Dmitry\Documents\LPCXpresso_7.8.0_426\askue\lpc812-workspace\lpc_chip_8xx\Debug\liblpc_chip_8xx.a(gpio_8xx.o)
 .debug_aranges
                0x000001c0       0x40 C:\Users\Dmitry\Documents\LPCXpresso_7.8.0_426\askue\lpc812-workspace\lpc_chip_8xx\Debug\liblpc_chip_8xx.a(ring_buffer.o)
 .debug_aranges
                0x00000200       0x28 C:\Users\Dmitry\Documents\LPCXpresso_7.8.0_426\askue\lpc812-workspace\lpc_chip_8xx\Debug\liblpc_chip_8xx.a(swm_8xx.o)
 .debug_aranges
                0x00000228       0x38 C:\Users\Dmitry\Documents\LPCXpresso_7.8.0_426\askue\lpc812-workspace\lpc_chip_8xx\Debug\liblpc_chip_8xx.a(syscon_8xx.o)
 .debug_aranges
                0x00000260       0x30 C:\Users\Dmitry\Documents\LPCXpresso_7.8.0_426\askue\lpc812-workspace\lpc_chip_8xx\Debug\liblpc_chip_8xx.a(sysinit_8xx.o)
 .debug_aranges
                0x00000290       0x78 C:\Users\Dmitry\Documents\LPCXpresso_7.8.0_426\askue\lpc812-workspace\lpc_chip_8xx\Debug\liblpc_chip_8xx.a(uart_8xx.o)

.debug_ranges   0x00000000      0x720
 .debug_ranges  0x00000000       0x68 ./src/cr_startup_lpc8xx.o
 .debug_ranges  0x00000068       0x20 ./src/main.o
 .debug_ranges  0x00000088      0x250 ./src/utils.o
 .debug_ranges  0x000002d8       0x10 C:\Users\Dmitry\Documents\LPCXpresso_7.8.0_426\askue\lpc812-workspace\lpc_chip_8xx\Debug\liblpc_chip_8xx.a(chip_8xx.o)
 .debug_ranges  0x000002e8       0xf0 C:\Users\Dmitry\Documents\LPCXpresso_7.8.0_426\askue\lpc812-workspace\lpc_chip_8xx\Debug\liblpc_chip_8xx.a(clock_8xx.o)
 .debug_ranges  0x000003d8       0x48 C:\Users\Dmitry\Documents\LPCXpresso_7.8.0_426\askue\lpc812-workspace\lpc_chip_8xx\Debug\liblpc_chip_8xx.a(gpio_8xx.o)
 .debug_ranges  0x00000420       0xe8 C:\Users\Dmitry\Documents\LPCXpresso_7.8.0_426\askue\lpc812-workspace\lpc_chip_8xx\Debug\liblpc_chip_8xx.a(ring_buffer.o)
 .debug_ranges  0x00000508       0x18 C:\Users\Dmitry\Documents\LPCXpresso_7.8.0_426\askue\lpc812-workspace\lpc_chip_8xx\Debug\liblpc_chip_8xx.a(swm_8xx.o)
 .debug_ranges  0x00000520       0x28 C:\Users\Dmitry\Documents\LPCXpresso_7.8.0_426\askue\lpc812-workspace\lpc_chip_8xx\Debug\liblpc_chip_8xx.a(syscon_8xx.o)
 .debug_ranges  0x00000548       0xb0 C:\Users\Dmitry\Documents\LPCXpresso_7.8.0_426\askue\lpc812-workspace\lpc_chip_8xx\Debug\liblpc_chip_8xx.a(sysinit_8xx.o)
 .debug_ranges  0x000005f8      0x128 C:\Users\Dmitry\Documents\LPCXpresso_7.8.0_426\askue\lpc812-workspace\lpc_chip_8xx\Debug\liblpc_chip_8xx.a(uart_8xx.o)

.debug_macro    0x00000000     0x3d7e
 .debug_macro   0x00000000       0x1d ./src/cr_startup_lpc8xx.o
 .debug_macro   0x0000001d      0x20e ./src/main.o
 .debug_macro   0x0000022b       0x82 ./src/main.o
 .debug_macro   0x000002ad       0x44 ./src/main.o
 .debug_macro   0x000002f1       0x1c ./src/main.o
 .debug_macro   0x0000030d      0x1f7 ./src/main.o
 .debug_macro   0x00000504       0x28 ./src/main.o
 .debug_macro   0x0000052c       0x66 ./src/main.o
 .debug_macro   0x00000592       0x10 ./src/main.o
 .debug_macro   0x000005a2       0x28 ./src/main.o
 .debug_macro   0x000005ca       0x3a ./src/main.o
 .debug_macro   0x00000604       0x1f ./src/main.o
 .debug_macro   0x00000623      0x250 ./src/main.o
 .debug_macro   0x00000873      0x145 ./src/main.o
 .debug_macro   0x000009b8       0xca ./src/main.o
 .debug_macro   0x00000a82       0x6a ./src/main.o
 .debug_macro   0x00000aec       0x70 ./src/main.o
 .debug_macro   0x00000b5c       0x28 ./src/main.o
 .debug_macro   0x00000b84      0x190 ./src/main.o
 .debug_macro   0x00000d14       0x1c ./src/main.o
 .debug_macro   0x00000d30       0x64 ./src/main.o
 .debug_macro   0x00000d94       0x10 ./src/main.o
 .debug_macro   0x00000da4       0x22 ./src/main.o
 .debug_macro   0x00000dc6       0xb2 ./src/main.o
 .debug_macro   0x00000e78       0x58 ./src/main.o
 .debug_macro   0x00000ed0       0x58 ./src/main.o
 .debug_macro   0x00000f28       0x6a ./src/main.o
 .debug_macro   0x00000f92       0x82 ./src/main.o
 .debug_macro   0x00001014       0x16 ./src/main.o
 .debug_macro   0x0000102a      0x131 ./src/main.o
 .debug_macro   0x0000115b       0x22 ./src/main.o
 .debug_macro   0x0000117d       0x52 ./src/main.o
 .debug_macro   0x000011cf      0x181 ./src/main.o
 .debug_macro   0x00001350      0x289 ./src/main.o
 .debug_macro   0x000015d9      0x28b ./src/main.o
 .debug_macro   0x00001864       0x2e ./src/main.o
 .debug_macro   0x00001892       0x22 ./src/main.o
 .debug_macro   0x000018b4       0x1c ./src/main.o
 .debug_macro   0x000018d0      0x2f1 ./src/utils.o
 .debug_macro   0x00001bc1      0x166 ./src/utils.o
 .debug_macro   0x00001d27       0x10 ./src/utils.o
 .debug_macro   0x00001d37       0x35 ./src/utils.o
 .debug_macro   0x00001d6c      0x1d5 C:\Users\Dmitry\Documents\LPCXpresso_7.8.0_426\askue\lpc812-workspace\lpc_chip_8xx\Debug\liblpc_chip_8xx.a(chip_8xx.o)
 .debug_macro   0x00001f41      0x838 C:\Users\Dmitry\Documents\LPCXpresso_7.8.0_426\askue\lpc812-workspace\lpc_chip_8xx\Debug\liblpc_chip_8xx.a(chip_8xx.o)
 .debug_macro   0x00002779       0x10 C:\Users\Dmitry\Documents\LPCXpresso_7.8.0_426\askue\lpc812-workspace\lpc_chip_8xx\Debug\liblpc_chip_8xx.a(chip_8xx.o)
 .debug_macro   0x00002789      0x12d C:\Users\Dmitry\Documents\LPCXpresso_7.8.0_426\askue\lpc812-workspace\lpc_chip_8xx\Debug\liblpc_chip_8xx.a(chip_8xx.o)
 .debug_macro   0x000028b6      0x5b2 C:\Users\Dmitry\Documents\LPCXpresso_7.8.0_426\askue\lpc812-workspace\lpc_chip_8xx\Debug\liblpc_chip_8xx.a(chip_8xx.o)
 .debug_macro   0x00002e68       0x22 C:\Users\Dmitry\Documents\LPCXpresso_7.8.0_426\askue\lpc812-workspace\lpc_chip_8xx\Debug\liblpc_chip_8xx.a(chip_8xx.o)
 .debug_macro   0x00002e8a       0x7b C:\Users\Dmitry\Documents\LPCXpresso_7.8.0_426\askue\lpc812-workspace\lpc_chip_8xx\Debug\liblpc_chip_8xx.a(chip_8xx.o)
 .debug_macro   0x00002f05      0x250 C:\Users\Dmitry\Documents\LPCXpresso_7.8.0_426\askue\lpc812-workspace\lpc_chip_8xx\Debug\liblpc_chip_8xx.a(chip_8xx.o)
 .debug_macro   0x00003155      0x1d5 C:\Users\Dmitry\Documents\LPCXpresso_7.8.0_426\askue\lpc812-workspace\lpc_chip_8xx\Debug\liblpc_chip_8xx.a(clock_8xx.o)
 .debug_macro   0x0000332a      0x1d5 C:\Users\Dmitry\Documents\LPCXpresso_7.8.0_426\askue\lpc812-workspace\lpc_chip_8xx\Debug\liblpc_chip_8xx.a(gpio_8xx.o)
 .debug_macro   0x000034ff       0x83 C:\Users\Dmitry\Documents\LPCXpresso_7.8.0_426\askue\lpc812-workspace\lpc_chip_8xx\Debug\liblpc_chip_8xx.a(ring_buffer.o)
 .debug_macro   0x00003582       0x74 C:\Users\Dmitry\Documents\LPCXpresso_7.8.0_426\askue\lpc812-workspace\lpc_chip_8xx\Debug\liblpc_chip_8xx.a(ring_buffer.o)
 .debug_macro   0x000035f6       0x10 C:\Users\Dmitry\Documents\LPCXpresso_7.8.0_426\askue\lpc812-workspace\lpc_chip_8xx\Debug\liblpc_chip_8xx.a(ring_buffer.o)
 .debug_macro   0x00003606      0x1e1 C:\Users\Dmitry\Documents\LPCXpresso_7.8.0_426\askue\lpc812-workspace\lpc_chip_8xx\Debug\liblpc_chip_8xx.a(swm_8xx.o)
 .debug_macro   0x000037e7      0x1ed C:\Users\Dmitry\Documents\LPCXpresso_7.8.0_426\askue\lpc812-workspace\lpc_chip_8xx\Debug\liblpc_chip_8xx.a(syscon_8xx.o)
 .debug_macro   0x000039d4      0x1d5 C:\Users\Dmitry\Documents\LPCXpresso_7.8.0_426\askue\lpc812-workspace\lpc_chip_8xx\Debug\liblpc_chip_8xx.a(sysinit_8xx.o)
 .debug_macro   0x00003ba9      0x1d5 C:\Users\Dmitry\Documents\LPCXpresso_7.8.0_426\askue\lpc812-workspace\lpc_chip_8xx\Debug\liblpc_chip_8xx.a(uart_8xx.o)

.debug_line     0x00000000     0x2d38
 .debug_line    0x00000000       0xad ./src/cr_startup_lpc8xx.o
 .debug_line    0x000000ad      0x4d6 ./src/main.o
 .debug_line    0x00000583      0x88a ./src/utils.o
 .debug_line    0x00000e0d      0x362 C:\Users\Dmitry\Documents\LPCXpresso_7.8.0_426\askue\lpc812-workspace\lpc_chip_8xx\Debug\liblpc_chip_8xx.a(chip_8xx.o)
 .debug_line    0x0000116f      0x515 C:\Users\Dmitry\Documents\LPCXpresso_7.8.0_426\askue\lpc812-workspace\lpc_chip_8xx\Debug\liblpc_chip_8xx.a(clock_8xx.o)
 .debug_line    0x00001684      0x39d C:\Users\Dmitry\Documents\LPCXpresso_7.8.0_426\askue\lpc812-workspace\lpc_chip_8xx\Debug\liblpc_chip_8xx.a(gpio_8xx.o)
 .debug_line    0x00001a21      0x275 C:\Users\Dmitry\Documents\LPCXpresso_7.8.0_426\askue\lpc812-workspace\lpc_chip_8xx\Debug\liblpc_chip_8xx.a(ring_buffer.o)
 .debug_line    0x00001c96      0x386 C:\Users\Dmitry\Documents\LPCXpresso_7.8.0_426\askue\lpc812-workspace\lpc_chip_8xx\Debug\liblpc_chip_8xx.a(swm_8xx.o)
 .debug_line    0x0000201c      0x3a6 C:\Users\Dmitry\Documents\LPCXpresso_7.8.0_426\askue\lpc812-workspace\lpc_chip_8xx\Debug\liblpc_chip_8xx.a(syscon_8xx.o)
 .debug_line    0x000023c2      0x422 C:\Users\Dmitry\Documents\LPCXpresso_7.8.0_426\askue\lpc812-workspace\lpc_chip_8xx\Debug\liblpc_chip_8xx.a(sysinit_8xx.o)
 .debug_line    0x000027e4      0x554 C:\Users\Dmitry\Documents\LPCXpresso_7.8.0_426\askue\lpc812-workspace\lpc_chip_8xx\Debug\liblpc_chip_8xx.a(uart_8xx.o)

.debug_str      0x00000000     0xf4de
 .debug_str     0x00000000     0x25dc ./src/cr_startup_lpc8xx.o
                               0x25ef (size before relaxing)
 .debug_str     0x000025dc     0x7528 ./src/main.o
                               0x9b32 (size before relaxing)
 .debug_str     0x00009b04     0x364b ./src/utils.o
                               0xd1ad (size before relaxing)
 .debug_str     0x0000d14f     0x196f C:\Users\Dmitry\Documents\LPCXpresso_7.8.0_426\askue\lpc812-workspace\lpc_chip_8xx\Debug\liblpc_chip_8xx.a(chip_8xx.o)
                               0x9a1f (size before relaxing)
 .debug_str     0x0000eabe      0x5a9 C:\Users\Dmitry\Documents\LPCXpresso_7.8.0_426\askue\lpc812-workspace\lpc_chip_8xx\Debug\liblpc_chip_8xx.a(clock_8xx.o)
                               0xa3cd (size before relaxing)
 .debug_str     0x0000f067       0x23 C:\Users\Dmitry\Documents\LPCXpresso_7.8.0_426\askue\lpc812-workspace\lpc_chip_8xx\Debug\liblpc_chip_8xx.a(gpio_8xx.o)
                               0x9e7b (size before relaxing)
 .debug_str     0x0000f08a      0x12d C:\Users\Dmitry\Documents\LPCXpresso_7.8.0_426\askue\lpc812-workspace\lpc_chip_8xx\Debug\liblpc_chip_8xx.a(ring_buffer.o)
                               0x3ed9 (size before relaxing)
 .debug_str     0x0000f1b7       0xbc C:\Users\Dmitry\Documents\LPCXpresso_7.8.0_426\askue\lpc812-workspace\lpc_chip_8xx\Debug\liblpc_chip_8xx.a(swm_8xx.o)
                               0x9dda (size before relaxing)
 .debug_str     0x0000f273       0xea C:\Users\Dmitry\Documents\LPCXpresso_7.8.0_426\askue\lpc812-workspace\lpc_chip_8xx\Debug\liblpc_chip_8xx.a(syscon_8xx.o)
                               0x9cf1 (size before relaxing)
 .debug_str     0x0000f35d       0x42 C:\Users\Dmitry\Documents\LPCXpresso_7.8.0_426\askue\lpc812-workspace\lpc_chip_8xx\Debug\liblpc_chip_8xx.a(sysinit_8xx.o)
                               0x9eab (size before relaxing)
 .debug_str     0x0000f39f      0x13f C:\Users\Dmitry\Documents\LPCXpresso_7.8.0_426\askue\lpc812-workspace\lpc_chip_8xx\Debug\liblpc_chip_8xx.a(uart_8xx.o)
                               0xa20c (size before relaxing)

.comment        0x00000000       0xe0
 .comment       0x00000000       0x70 ./src/cr_startup_lpc8xx.o
                                 0x71 (size before relaxing)
 .comment       0x00000000       0x71 ./src/main.o
 .comment       0x00000000       0x71 ./src/utils.o
 .comment       0x00000070       0x70 C:\Users\Dmitry\Documents\LPCXpresso_7.8.0_426\askue\lpc812-workspace\lpc_chip_8xx\Debug\liblpc_chip_8xx.a(chip_8xx.o)
                                 0x71 (size before relaxing)
 .comment       0x00000000       0x71 C:\Users\Dmitry\Documents\LPCXpresso_7.8.0_426\askue\lpc812-workspace\lpc_chip_8xx\Debug\liblpc_chip_8xx.a(clock_8xx.o)
 .comment       0x00000000       0x71 C:\Users\Dmitry\Documents\LPCXpresso_7.8.0_426\askue\lpc812-workspace\lpc_chip_8xx\Debug\liblpc_chip_8xx.a(gpio_8xx.o)
 .comment       0x00000000       0x71 C:\Users\Dmitry\Documents\LPCXpresso_7.8.0_426\askue\lpc812-workspace\lpc_chip_8xx\Debug\liblpc_chip_8xx.a(ring_buffer.o)
 .comment       0x00000000       0x71 C:\Users\Dmitry\Documents\LPCXpresso_7.8.0_426\askue\lpc812-workspace\lpc_chip_8xx\Debug\liblpc_chip_8xx.a(swm_8xx.o)
 .comment       0x00000000       0x71 C:\Users\Dmitry\Documents\LPCXpresso_7.8.0_426\askue\lpc812-workspace\lpc_chip_8xx\Debug\liblpc_chip_8xx.a(syscon_8xx.o)
 .comment       0x00000000       0x71 C:\Users\Dmitry\Documents\LPCXpresso_7.8.0_426\askue\lpc812-workspace\lpc_chip_8xx\Debug\liblpc_chip_8xx.a(sysinit_8xx.o)
 .comment       0x00000000       0x71 C:\Users\Dmitry\Documents\LPCXpresso_7.8.0_426\askue\lpc812-workspace\lpc_chip_8xx\Debug\liblpc_chip_8xx.a(uart_8xx.o)

.ARM.attributes
                0x00000000       0x2f
 .ARM.attributes
                0x00000000       0x31 ./src/cr_startup_lpc8xx.o
 .ARM.attributes
                0x00000031       0x31 ./src/main.o
 .ARM.attributes
                0x00000062       0x31 ./src/utils.o
 .ARM.attributes
                0x00000093       0x31 C:\Users\Dmitry\Documents\LPCXpresso_7.8.0_426\askue\lpc812-workspace\lpc_chip_8xx\Debug\liblpc_chip_8xx.a(chip_8xx.o)
 .ARM.attributes
                0x000000c4       0x31 C:\Users\Dmitry\Documents\LPCXpresso_7.8.0_426\askue\lpc812-workspace\lpc_chip_8xx\Debug\liblpc_chip_8xx.a(clock_8xx.o)
 .ARM.attributes
                0x000000f5       0x31 C:\Users\Dmitry\Documents\LPCXpresso_7.8.0_426\askue\lpc812-workspace\lpc_chip_8xx\Debug\liblpc_chip_8xx.a(gpio_8xx.o)
 .ARM.attributes
                0x00000126       0x31 C:\Users\Dmitry\Documents\LPCXpresso_7.8.0_426\askue\lpc812-workspace\lpc_chip_8xx\Debug\liblpc_chip_8xx.a(ring_buffer.o)
 .ARM.attributes
                0x00000157       0x31 C:\Users\Dmitry\Documents\LPCXpresso_7.8.0_426\askue\lpc812-workspace\lpc_chip_8xx\Debug\liblpc_chip_8xx.a(swm_8xx.o)
 .ARM.attributes
                0x00000188       0x31 C:\Users\Dmitry\Documents\LPCXpresso_7.8.0_426\askue\lpc812-workspace\lpc_chip_8xx\Debug\liblpc_chip_8xx.a(syscon_8xx.o)
 .ARM.attributes
                0x000001b9       0x31 C:\Users\Dmitry\Documents\LPCXpresso_7.8.0_426\askue\lpc812-workspace\lpc_chip_8xx\Debug\liblpc_chip_8xx.a(sysinit_8xx.o)
 .ARM.attributes
                0x000001ea       0x31 C:\Users\Dmitry\Documents\LPCXpresso_7.8.0_426\askue\lpc812-workspace\lpc_chip_8xx\Debug\liblpc_chip_8xx.a(uart_8xx.o)
 .ARM.attributes
                0x0000021b       0x1e c:/nxp/lpcxpresso_7.8.0_426/lpcxpresso/tools/bin/../lib/gcc/arm-none-eabi/4.9.3/armv6-m\libgcc.a(_thumb1_case_uhi.o)
 .ARM.attributes
                0x00000239       0x1e c:/nxp/lpcxpresso_7.8.0_426/lpcxpresso/tools/bin/../lib/gcc/arm-none-eabi/4.9.3/armv6-m\libgcc.a(_udivsi3.o)
 .ARM.attributes
                0x00000257       0x1e c:/nxp/lpcxpresso_7.8.0_426/lpcxpresso/tools/bin/../lib/gcc/arm-none-eabi/4.9.3/armv6-m\libgcc.a(_dvmd_tls.o)
 .ARM.attributes
                0x00000275       0x1e c:/nxp/lpcxpresso_7.8.0_426/lpcxpresso/tools/bin/../lib/gcc/arm-none-eabi/4.9.3/armv6-m\libgcc.a(_aeabi_uldivmod.o)
 .ARM.attributes
                0x00000293       0x2c c:/nxp/lpcxpresso_7.8.0_426/lpcxpresso/tools/bin/../lib/gcc/arm-none-eabi/4.9.3/armv6-m\libgcc.a(bpabi.o)
 .ARM.attributes
                0x000002bf       0x2c c:/nxp/lpcxpresso_7.8.0_426/lpcxpresso/tools/bin/../lib/gcc/arm-none-eabi/4.9.3/armv6-m\libgcc.a(_muldi3.o)
 .ARM.attributes
                0x000002eb       0x2c c:/nxp/lpcxpresso_7.8.0_426/lpcxpresso/tools/bin/../lib/gcc/arm-none-eabi/4.9.3/armv6-m\libgcc.a(_divdi3.o)
 .ARM.attributes
                0x00000317       0x2c c:/nxp/lpcxpresso_7.8.0_426/lpcxpresso/tools/bin/../lib/gcc/arm-none-eabi/4.9.3/armv6-m\libgcc.a(_udivdi3.o)
 .ARM.attributes
                0x00000343       0x1e c:/nxp/lpcxpresso_7.8.0_426/lpcxpresso/tools/bin/../lib/gcc/arm-none-eabi/4.9.3/armv6-m\libgcc.a(_clzdi2.o)
 .ARM.attributes
                0x00000361       0x1e c:/nxp/lpcxpresso_7.8.0_426/lpcxpresso/tools/bin/../lib/gcc/arm-none-eabi/4.9.3/armv6-m\libgcc.a(_clzsi2.o)
 .ARM.attributes
                0x0000037f       0x2c c:/nxp/lpcxpresso_7.8.0_426/lpcxpresso/tools/bin/../lib/gcc/arm-none-eabi/4.9.3/../../../../arm-none-eabi/lib/armv6-m\libc.a(lib_a-atoi.o)
 .ARM.attributes
                0x000003ab       0x2c c:/nxp/lpcxpresso_7.8.0_426/lpcxpresso/tools/bin/../lib/gcc/arm-none-eabi/4.9.3/../../../../arm-none-eabi/lib/armv6-m\libc.a(lib_a-init.o)
 .ARM.attributes
                0x000003d7       0x2c c:/nxp/lpcxpresso_7.8.0_426/lpcxpresso/tools/bin/../lib/gcc/arm-none-eabi/4.9.3/../../../../arm-none-eabi/lib/armv6-m\libc.a(lib_a-itoa.o)
 .ARM.attributes
                0x00000403       0x2c c:/nxp/lpcxpresso_7.8.0_426/lpcxpresso/tools/bin/../lib/gcc/arm-none-eabi/4.9.3/../../../../arm-none-eabi/lib/armv6-m\libc.a(lib_a-memcmp.o)
 .ARM.attributes
                0x0000042f       0x2c c:/nxp/lpcxpresso_7.8.0_426/lpcxpresso/tools/bin/../lib/gcc/arm-none-eabi/4.9.3/../../../../arm-none-eabi/lib/armv6-m\libc.a(lib_a-memcpy.o)
 .ARM.attributes
                0x0000045b       0x2c c:/nxp/lpcxpresso_7.8.0_426/lpcxpresso/tools/bin/../lib/gcc/arm-none-eabi/4.9.3/../../../../arm-none-eabi/lib/armv6-m\libc.a(lib_a-strcat.o)
 .ARM.attributes
                0x00000487       0x1b c:/nxp/lpcxpresso_7.8.0_426/lpcxpresso/tools/bin/../lib/gcc/arm-none-eabi/4.9.3/../../../../arm-none-eabi/lib/armv6-m\libc.a(lib_a-strcmp.o)
 .ARM.attributes
                0x000004a2       0x2c c:/nxp/lpcxpresso_7.8.0_426/lpcxpresso/tools/bin/../lib/gcc/arm-none-eabi/4.9.3/../../../../arm-none-eabi/lib/armv6-m\libc.a(lib_a-strcpy.o)
 .ARM.attributes
                0x000004ce       0x2c c:/nxp/lpcxpresso_7.8.0_426/lpcxpresso/tools/bin/../lib/gcc/arm-none-eabi/4.9.3/../../../../arm-none-eabi/lib/armv6-m\libc.a(lib_a-strlen.o)
 .ARM.attributes
                0x000004fa       0x2c c:/nxp/lpcxpresso_7.8.0_426/lpcxpresso/tools/bin/../lib/gcc/arm-none-eabi/4.9.3/../../../../arm-none-eabi/lib/armv6-m\libc.a(lib_a-strtok.o)
 .ARM.attributes
                0x00000526       0x2c c:/nxp/lpcxpresso_7.8.0_426/lpcxpresso/tools/bin/../lib/gcc/arm-none-eabi/4.9.3/../../../../arm-none-eabi/lib/armv6-m\libc.a(lib_a-strtok_r.o)
 .ARM.attributes
                0x00000552       0x2c c:/nxp/lpcxpresso_7.8.0_426/lpcxpresso/tools/bin/../lib/gcc/arm-none-eabi/4.9.3/../../../../arm-none-eabi/lib/armv6-m\libc.a(lib_a-strtol.o)
 .ARM.attributes
                0x0000057e       0x2c c:/nxp/lpcxpresso_7.8.0_426/lpcxpresso/tools/bin/../lib/gcc/arm-none-eabi/4.9.3/../../../../arm-none-eabi/lib/armv6-m\libc.a(lib_a-utoa.o)
 .ARM.attributes
                0x000005aa       0x2c c:/nxp/lpcxpresso_7.8.0_426/lpcxpresso/tools/bin/../lib/gcc/arm-none-eabi/4.9.3/../../../../arm-none-eabi/lib/armv6-m\libc.a(lib_a-ctype_.o)
 .ARM.attributes
                0x000005d6       0x2c c:/nxp/lpcxpresso_7.8.0_426/lpcxpresso/tools/bin/../lib/gcc/arm-none-eabi/4.9.3/../../../../arm-none-eabi/lib/armv6-m\libc.a(lib_a-impure.o)
 .ARM.attributes
                0x00000602       0x1e c:/nxp/lpcxpresso_7.8.0_426/lpcxpresso/tools/bin/../lib/gcc/arm-none-eabi/4.9.3/armv6-m\crti.o
 .ARM.attributes
                0x00000620       0x1e c:/nxp/lpcxpresso_7.8.0_426/lpcxpresso/tools/bin/../lib/gcc/arm-none-eabi/4.9.3/armv6-m\crtn.o
 .ARM.attributes
                0x0000063e       0x2c c:/nxp/lpcxpresso_7.8.0_426/lpcxpresso/tools/bin/../lib/gcc/arm-none-eabi/4.9.3/armv6-m\crtbegin.o

.debug_frame    0x00000000      0xa70
 .debug_frame   0x00000000       0xb0 ./src/cr_startup_lpc8xx.o
 .debug_frame   0x000000b0       0x68 ./src/main.o
 .debug_frame   0x00000118      0x138 ./src/utils.o
 .debug_frame   0x00000250       0x28 C:\Users\Dmitry\Documents\LPCXpresso_7.8.0_426\askue\lpc812-workspace\lpc_chip_8xx\Debug\liblpc_chip_8xx.a(chip_8xx.o)
 .debug_frame   0x00000278      0x124 C:\Users\Dmitry\Documents\LPCXpresso_7.8.0_426\askue\lpc812-workspace\lpc_chip_8xx\Debug\liblpc_chip_8xx.a(clock_8xx.o)
 .debug_frame   0x0000039c       0x30 C:\Users\Dmitry\Documents\LPCXpresso_7.8.0_426\askue\lpc812-workspace\lpc_chip_8xx\Debug\liblpc_chip_8xx.a(gpio_8xx.o)
 .debug_frame   0x000003cc       0x98 C:\Users\Dmitry\Documents\LPCXpresso_7.8.0_426\askue\lpc812-workspace\lpc_chip_8xx\Debug\liblpc_chip_8xx.a(ring_buffer.o)
 .debug_frame   0x00000464       0x40 C:\Users\Dmitry\Documents\LPCXpresso_7.8.0_426\askue\lpc812-workspace\lpc_chip_8xx\Debug\liblpc_chip_8xx.a(swm_8xx.o)
 .debug_frame   0x000004a4       0x58 C:\Users\Dmitry\Documents\LPCXpresso_7.8.0_426\askue\lpc812-workspace\lpc_chip_8xx\Debug\liblpc_chip_8xx.a(syscon_8xx.o)
 .debug_frame   0x000004fc       0x58 C:\Users\Dmitry\Documents\LPCXpresso_7.8.0_426\askue\lpc812-workspace\lpc_chip_8xx\Debug\liblpc_chip_8xx.a(sysinit_8xx.o)
 .debug_frame   0x00000554      0x16c C:\Users\Dmitry\Documents\LPCXpresso_7.8.0_426\askue\lpc812-workspace\lpc_chip_8xx\Debug\liblpc_chip_8xx.a(uart_8xx.o)
 .debug_frame   0x000006c0       0x20 c:/nxp/lpcxpresso_7.8.0_426/lpcxpresso/tools/bin/../lib/gcc/arm-none-eabi/4.9.3/armv6-m\libgcc.a(_udivsi3.o)
 .debug_frame   0x000006e0       0x50 c:/nxp/lpcxpresso_7.8.0_426/lpcxpresso/tools/bin/../lib/gcc/arm-none-eabi/4.9.3/armv6-m\libgcc.a(bpabi.o)
 .debug_frame   0x00000730       0x34 c:/nxp/lpcxpresso_7.8.0_426/lpcxpresso/tools/bin/../lib/gcc/arm-none-eabi/4.9.3/armv6-m\libgcc.a(_muldi3.o)
 .debug_frame   0x00000764       0x3c c:/nxp/lpcxpresso_7.8.0_426/lpcxpresso/tools/bin/../lib/gcc/arm-none-eabi/4.9.3/armv6-m\libgcc.a(_divdi3.o)
 .debug_frame   0x000007a0       0x3c c:/nxp/lpcxpresso_7.8.0_426/lpcxpresso/tools/bin/../lib/gcc/arm-none-eabi/4.9.3/armv6-m\libgcc.a(_udivdi3.o)
 .debug_frame   0x000007dc       0x40 c:/nxp/lpcxpresso_7.8.0_426/lpcxpresso/tools/bin/../lib/gcc/arm-none-eabi/4.9.3/../../../../arm-none-eabi/lib/armv6-m\libc.a(lib_a-atoi.o)
 .debug_frame   0x0000081c       0x2c c:/nxp/lpcxpresso_7.8.0_426/lpcxpresso/tools/bin/../lib/gcc/arm-none-eabi/4.9.3/../../../../arm-none-eabi/lib/armv6-m\libc.a(lib_a-init.o)
 .debug_frame   0x00000848       0x40 c:/nxp/lpcxpresso_7.8.0_426/lpcxpresso/tools/bin/../lib/gcc/arm-none-eabi/4.9.3/../../../../arm-none-eabi/lib/armv6-m\libc.a(lib_a-itoa.o)
 .debug_frame   0x00000888       0x2c c:/nxp/lpcxpresso_7.8.0_426/lpcxpresso/tools/bin/../lib/gcc/arm-none-eabi/4.9.3/../../../../arm-none-eabi/lib/armv6-m\libc.a(lib_a-memcmp.o)
 .debug_frame   0x000008b4       0x2c c:/nxp/lpcxpresso_7.8.0_426/lpcxpresso/tools/bin/../lib/gcc/arm-none-eabi/4.9.3/../../../../arm-none-eabi/lib/armv6-m\libc.a(lib_a-memcpy.o)
 .debug_frame   0x000008e0       0x2c c:/nxp/lpcxpresso_7.8.0_426/lpcxpresso/tools/bin/../lib/gcc/arm-none-eabi/4.9.3/../../../../arm-none-eabi/lib/armv6-m\libc.a(lib_a-strcat.o)
 .debug_frame   0x0000090c       0x20 c:/nxp/lpcxpresso_7.8.0_426/lpcxpresso/tools/bin/../lib/gcc/arm-none-eabi/4.9.3/../../../../arm-none-eabi/lib/armv6-m\libc.a(lib_a-strcpy.o)
 .debug_frame   0x0000092c       0x28 c:/nxp/lpcxpresso_7.8.0_426/lpcxpresso/tools/bin/../lib/gcc/arm-none-eabi/4.9.3/../../../../arm-none-eabi/lib/armv6-m\libc.a(lib_a-strlen.o)
 .debug_frame   0x00000954       0x28 c:/nxp/lpcxpresso_7.8.0_426/lpcxpresso/tools/bin/../lib/gcc/arm-none-eabi/4.9.3/../../../../arm-none-eabi/lib/armv6-m\libc.a(lib_a-strtok.o)
 .debug_frame   0x0000097c       0x48 c:/nxp/lpcxpresso_7.8.0_426/lpcxpresso/tools/bin/../lib/gcc/arm-none-eabi/4.9.3/../../../../arm-none-eabi/lib/armv6-m\libc.a(lib_a-strtok_r.o)
 .debug_frame   0x000009c4       0x58 c:/nxp/lpcxpresso_7.8.0_426/lpcxpresso/tools/bin/../lib/gcc/arm-none-eabi/4.9.3/../../../../arm-none-eabi/lib/armv6-m\libc.a(lib_a-strtol.o)
 .debug_frame   0x00000a1c       0x54 c:/nxp/lpcxpresso_7.8.0_426/lpcxpresso/tools/bin/../lib/gcc/arm-none-eabi/4.9.3/../../../../arm-none-eabi/lib/armv6-m\libc.a(lib_a-utoa.o)
